Archive member included to satisfy reference by file (symbol)

/opt/devkitpro/libnds/lib/libnds9.a(console.o)
                              main.o (consoleDemoInit)
/opt/devkitpro/libnds/lib/libnds9.a(gl2d.o)
                              main.o (glScreen2D)
/opt/devkitpro/libnds/lib/libnds9.a(videoGL.o)
                              /opt/devkitpro/libnds/lib/libnds9.a(gl2d.o) (glMaterialf)
/opt/devkitpro/libnds/lib/libnds9.a(keys.o)
                              main.o (scanKeys)
/opt/devkitpro/libnds/lib/libnds9.a(initSystem.o)
                              /opt/devkitpro/devkitARM/bin/../lib/gcc/arm-none-eabi/11.2.0/../../../../arm-none-eabi/lib/thumb/ds_arm9_crt0.o (initSystem)
/opt/devkitpro/libnds/lib/libnds9.a(securearea.o)
                              /opt/devkitpro/devkitARM/bin/../lib/gcc/arm-none-eabi/11.2.0/../../../../arm-none-eabi/lib/thumb/ds_arm9_crt0.o (__secure_area__)
/opt/devkitpro/libnds/lib/libnds9.a(interrupts.o)
                              main.o (irqSet)
/opt/devkitpro/libnds/lib/libnds9.a(libnds_exit.arm.o)
                              /opt/devkitpro/devkitARM/bin/../lib/gcc/arm-none-eabi/11.2.0/../../../../arm-none-eabi/lib/thumb/ds_arm9_crt0.o (__libnds_exit)
/opt/devkitpro/libnds/lib/libnds9.a(fifosystem.o)
                              /opt/devkitpro/libnds/lib/libnds9.a(initSystem.o) (fifoSetValue32Handler)
/opt/devkitpro/libnds/lib/libnds9.a(mpu_setup.o)
                              /opt/devkitpro/devkitARM/bin/../lib/gcc/arm-none-eabi/11.2.0/../../../../arm-none-eabi/lib/thumb/ds_arm9_crt0.o (__libnds_mpu_setup)
/opt/devkitpro/libnds/lib/libnds9.a(IntrWait.o)
                              main.o (swiWaitForVBlank)
/opt/devkitpro/libnds/lib/libnds9.a(cpu_clock.o)
                              /opt/devkitpro/libnds/lib/libnds9.a(initSystem.o) (setCpuClock)
/opt/devkitpro/libnds/lib/libnds9.a(interruptDispatcher.o)
                              /opt/devkitpro/libnds/lib/libnds9.a(interrupts.o) (IntrMain)
/opt/devkitpro/libnds/lib/libnds9.a(biosCalls.o)
                              /opt/devkitpro/libnds/lib/libnds9.a(videoGL.o) (swiCopy)
/opt/devkitpro/libnds/lib/libnds9.a(debugprint.o)
                              /opt/devkitpro/libnds/lib/libnds9.a(console.o) (nocashWrite)
/opt/devkitpro/libnds/lib/libnds9.a(swiSoftReset.o)
                              /opt/devkitpro/libnds/lib/libnds9.a(fifosystem.o) (swiSoftReset)
/opt/devkitpro/libnds/lib/libnds9.a(default_font.bin.o)
                              /opt/devkitpro/libnds/lib/libnds9.a(console.o) (default_font_bin)
/opt/devkitpro/libnds/lib/libnds9.a(background.o)
                              /opt/devkitpro/libnds/lib/libnds9.a(console.o) (bgState)
/opt/devkitpro/libnds/lib/libnds9.a(dynamicArray.o)
                              /opt/devkitpro/libnds/lib/libnds9.a(videoGL.o) (DynamicArrayInit)
/opt/devkitpro/libnds/lib/libnds9.a(trig.o)
                              /opt/devkitpro/libnds/lib/libnds9.a(gl2d.o) (sinLerp)
/opt/devkitpro/libnds/lib/libnds9.a(video.o)
                              /opt/devkitpro/libnds/lib/libnds9.a(videoGL.o) (vramSetBanks_EFG)
/opt/devkitpro/libnds/lib/libnds9.a(system.o)
                              /opt/devkitpro/libnds/lib/libnds9.a(initSystem.o) (systemValueHandler)
/opt/devkitpro/devkitARM/bin/../lib/gcc/arm-none-eabi/11.2.0/thumb/libgcc.a(_divsi3.o)
                              /opt/devkitpro/libnds/lib/libnds9.a(gl2d.o) (__aeabi_idiv)
/opt/devkitpro/devkitARM/bin/../lib/gcc/arm-none-eabi/11.2.0/thumb/libgcc.a(_dvmd_tls.o)
                              /opt/devkitpro/devkitARM/bin/../lib/gcc/arm-none-eabi/11.2.0/thumb/libgcc.a(_divsi3.o) (__aeabi_idiv0)
/opt/devkitpro/devkitARM/bin/../lib/gcc/arm-none-eabi/11.2.0/thumb/libgcc.a(_arm_addsubdf3.o)
                              main.o (__aeabi_dsub)
/opt/devkitpro/devkitARM/bin/../lib/gcc/arm-none-eabi/11.2.0/thumb/libgcc.a(_arm_truncdfsf2.o)
                              main.o (__aeabi_d2f)
/opt/devkitpro/devkitARM/bin/../lib/gcc/arm-none-eabi/11.2.0/thumb/libgcc.a(_arm_addsubsf3.o)
                              main.o (__aeabi_fadd)
/opt/devkitpro/devkitARM/bin/../lib/gcc/arm-none-eabi/11.2.0/thumb/libgcc.a(_arm_cmpsf2.o)
                              main.o (__aeabi_fcmpeq)
/opt/devkitpro/devkitARM/bin/../lib/gcc/arm-none-eabi/11.2.0/thumb/libgcc.a(_arm_fixsfsi.o)
                              main.o (__aeabi_f2iz)
/opt/devkitpro/devkitARM/bin/../lib/gcc/arm-none-eabi/11.2.0/thumb/libgcc.a(_muldi3.o)
                              /opt/devkitpro/libnds/lib/libnds9.a(gl2d.o) (__aeabi_lmul)
/opt/devkitpro/devkitARM/bin/../lib/gcc/arm-none-eabi/11.2.0/../../../../arm-none-eabi/lib/thumb/libg.a(lib_a-bsearch.o)
                              /opt/devkitpro/libnds/lib/libnds9.a(trig.o) (bsearch)
/opt/devkitpro/devkitARM/bin/../lib/gcc/arm-none-eabi/11.2.0/../../../../arm-none-eabi/lib/thumb/libg.a(lib_a-calloc.o)
                              /opt/devkitpro/libnds/lib/libnds9.a(videoGL.o) (calloc)
[...]
Memory Configuration

Name             Origin             Length             Attributes
ewram            0x0000000002000000 0x0000000000380000
dtcm             0x0000000002ff0000 0x0000000000004000
vectors          0x0000000001000000 0x0000000000000100
itcm             0x0000000001000100 0x0000000000007f00
*default*        0x0000000000000000 0xffffffffffffffff

Linker script and memory map

                0x0000000002380000                __ewram_end = (ORIGIN (ewram) + LENGTH (ewram))
                0x0000000002380000                __eheap_end = (ORIGIN (ewram) + LENGTH (ewram))
                0x0000000002ff4000                __dtcm_top = (ORIGIN (dtcm) + LENGTH (dtcm))
                0x0000000002ff3ff8                __irq_flags = (__dtcm_top - 0x8)
                0x0000000002ff3ffc                __irq_vector = (__dtcm_top - 0x4)
                0x0000000002ff3f00                __sp_svc = (__dtcm_top - 0x100)
                0x0000000002ff3e00                __sp_irq = (__sp_svc - 0x100)
                0x0000000002ff3d00                __sp_usr = (__sp_irq - 0x100)

.secure         0x0000000002000000      0x800
 *(.secure)
 .secure        0x0000000002000000      0x800 /opt/devkitpro/libnds/lib/libnds9.a(securearea.o)
                0x0000000002000000                __secure_area__

.crt0           0x0000000002000800      0x300
                0x0000000002000800                __text_start = .
 *(.crt0)
 .crt0          0x0000000002000800      0x300 /opt/devkitpro/devkitARM/bin/../lib/gcc/arm-none-eabi/11.2.0/../../../../arm-none-eabi/lib/thumb/ds_arm9_crt0.o
                0x0000000002000800                _start
                0x0000000002000b00                . = ALIGN (0x4)

.plt
 *(.plt)

.init           0x0000000002000b00        0xc
 *(SORT_NONE(.init))
 .init          0x0000000002000b00        0x4 /opt/devkitpro/devkitARM/bin/../lib/gcc/arm-none-eabi/11.2.0/thumb/crti.o
                0x0000000002000b00                _init
 .init          0x0000000002000b04        0x8 /opt/devkitpro/devkitARM/bin/../lib/gcc/arm-none-eabi/11.2.0/thumb/crtn.o

.text           0x0000000002000b10     0xa748
 *(EXCLUDE_FILE(*.twl* *.vectors* *.itcm*) .text)
 .text          0x0000000002000b10       0x88 main.o
                0x0000000002000b10                Vblank()
                0x0000000002000b78                valueInRange(int, int, int)
 .text          0x0000000002000b98      0x150 /opt/devkitpro/devkitARM/bin/../lib/gcc/arm-none-eabi/11.2.0/thumb/libgcc.a(_divsi3.o)
                0x0000000002000b98                __aeabi_idiv
                0x0000000002000b98                __divsi3
                0x0000000002000cc8                __aeabi_idivmod
 .text          0x0000000002000ce8        0x4 /opt/devkitpro/devkitARM/bin/../lib/gcc/arm-none-eabi/11.2.0/thumb/libgcc.a(_dvmd_tls.o)
                0x0000000002000ce8                __aeabi_ldiv0
                0x0000000002000ce8                __aeabi_idiv0
 .text          0x0000000002000cec      0x424 /opt/devkitpro/devkitARM/bin/../lib/gcc/arm-none-eabi/11.2.0/thumb/libgcc.a(_arm_addsubdf3.o)
                0x0000000002000cec                __aeabi_drsub
                0x0000000002000cf4                __aeabi_dsub
                0x0000000002000cf4                __subdf3
                0x0000000002000cf8                __adddf3
                0x0000000002000cf8                __aeabi_dadd
                0x0000000002001008                __aeabi_ui2d
                0x0000000002001008                __floatunsidf
                0x000000000200102c                __floatsidf
                0x000000000200102c                __aeabi_i2d
                0x0000000002001054                __extendsfdf2
                0x0000000002001054                __aeabi_f2d
                0x000000000200109c                __aeabi_ul2d
                0x000000000200109c                __floatundidf
                0x00000000020010b0                __floatdidf
                0x00000000020010b0                __aeabi_l2d
 .text          0x0000000002001110       0xa0 /opt/devkitpro/devkitARM/bin/../lib/gcc/arm-none-eabi/11.2.0/thumb/libgcc.a(_arm_truncdfsf2.o)
                0x0000000002001110                __aeabi_d2f
                0x0000000002001110                __truncdfsf2
 .text          0x00000000020011b0      0x2ac /opt/devkitpro/devkitARM/bin/../lib/gcc/arm-none-eabi/11.2.0/thumb/libgcc.a(_arm_addsubsf3.o)
                0x00000000020011b0                __aeabi_frsub
                0x00000000020011b8                __subsf3
                0x00000000020011b8                __aeabi_fsub
                0x00000000020011bc                __aeabi_fadd
                0x00000000020011bc                __addsf3
                0x0000000002001378                __aeabi_ui2f
                0x0000000002001378                __floatunsisf
                0x0000000002001380                __aeabi_i2f
                0x0000000002001380                __floatsisf
                0x00000000020013a0                __floatundisf
                0x00000000020013a0                __aeabi_ul2f
                0x00000000020013b0                __floatdisf
                0x00000000020013b0                __aeabi_l2f
 .text          0x000000000200145c      0x114 /opt/devkitpro/devkitARM/bin/../lib/gcc/arm-none-eabi/11.2.0/thumb/libgcc.a(_arm_cmpsf2.o)
                0x000000000200145c                __gtsf2
                0x000000000200145c                __gesf2
                0x0000000002001464                __lesf2
                0x0000000002001464                __ltsf2
                0x000000000200146c                __nesf2
                0x000000000200146c                __eqsf2
                0x000000000200146c                __cmpsf2
                0x00000000020014d0                __aeabi_cfrcmple
                0x00000000020014e0                __aeabi_cfcmple
                0x00000000020014e0                __aeabi_cfcmpeq
                0x00000000020014f8                __aeabi_fcmpeq
                0x0000000002001510                __aeabi_fcmplt
                0x0000000002001528                __aeabi_fcmple
                0x0000000002001540                __aeabi_fcmpge
                0x0000000002001558                __aeabi_fcmpgt
 .text          0x0000000002001570       0x5c /opt/devkitpro/devkitARM/bin/../lib/gcc/arm-none-eabi/11.2.0/thumb/libgcc.a(_arm_fixsfsi.o)
                0x0000000002001570                __fixsfsi
                0x0000000002001570                __aeabi_f2iz
 .text          0x00000000020015cc      0x224 /opt/devkitpro/devkitARM/bin/../lib/gcc/arm-none-eabi/11.2.0/../../../../arm-none-eabi/lib/thumb/libg.a(lib_a-strcmp.o)
                0x00000000020015cc                strcmp
 .text          0x00000000020017f0       0x14 /opt/devkitpro/devkitARM/bin/../lib/gcc/arm-none-eabi/11.2.0/thumb/libgcc.a(_thumb1_case_uqi.o)
                0x00000000020017f0                __gnu_thumb1_case_uqi
 .text          0x0000000002001804       0x14 /opt/devkitpro/devkitARM/bin/../lib/gcc/arm-none-eabi/11.2.0/thumb/libgcc.a(_thumb1_case_uhi.o)
                0x0000000002001804                __gnu_thumb1_case_uhi
 .text          0x0000000002001818      0x11c /opt/devkitpro/devkitARM/bin/../lib/gcc/arm-none-eabi/11.2.0/thumb/libgcc.a(_udivsi3.o)
                0x0000000002001818                __udivsi3
                0x0000000002001818                __aeabi_uidiv
                0x0000000002001914                __aeabi_uidivmod
 .text          0x0000000002001934       0x3c /opt/devkitpro/devkitARM/bin/../lib/gcc/arm-none-eabi/11.2.0/thumb/libgcc.a(_aeabi_uldivmod.o)
                0x0000000002001934                __aeabi_uldivmod
 .text          0x0000000002001970       0x28 /opt/devkitpro/devkitARM/bin/../lib/gcc/arm-none-eabi/11.2.0/thumb/libgcc.a(_clzdi2.o)
                0x0000000002001970                __clzdi2
 .text          0x0000000002001998       0x48 /opt/devkitpro/devkitARM/bin/../lib/gcc/arm-none-eabi/11.2.0/thumb/libgcc.a(_clzsi2.o)
                0x0000000002001998                __clzsi2
 *(EXCLUDE_FILE(*.twl* *.vectors* *.itcm*) .stub)
 *(EXCLUDE_FILE(*.twl* *.vectors* *.itcm*) .text.*)
 .text.__do_global_dtors_aux
                0x00000000020019e0       0x2c /opt/devkitpro/devkitARM/bin/../lib/gcc/arm-none-eabi/11.2.0/thumb/crtbegin.o
 .text.frame_dummy
                0x0000000002001a0c       0x24 /opt/devkitpro/devkitARM/bin/../lib/gcc/arm-none-eabi/11.2.0/thumb/crtbegin.o
 .text.startup  0x0000000002001a30      0x2e8 main.o
                0x0000000002001a30                main
 .text.newRow   0x0000000002001d18       0xa8 /opt/devkitpro/libnds/lib/libnds9.a(console.o)
 .text.consolePrintChar
                0x0000000002001dc0       0xe0 /opt/devkitpro/libnds/lib/libnds9.a(console.o)
                0x0000000002001dc0                consolePrintChar
 .text.con_write
                0x0000000002001ea0      0x36c /opt/devkitpro/libnds/lib/libnds9.a(console.o)
                0x0000000002001ea0                con_write
 .text.consoleLoadFont
                0x000000000200220c      0x2a0 /opt/devkitpro/libnds/lib/libnds9.a(console.o)
                0x000000000200220c                consoleLoadFont
 .text.consoleInit
                0x00000000020024ac      0x18c /opt/devkitpro/libnds/lib/libnds9.a(console.o)
                0x00000000020024ac                consoleInit
 .text.consoleDemoInit
                0x0000000002002638       0x40 /opt/devkitpro/libnds/lib/libnds9.a(console.o)
                0x0000000002002638                consoleDemoInit
 .text.SetOrtho
                0x0000000002002678      0x184 /opt/devkitpro/libnds/lib/libnds9.a(gl2d.o)
                0x0000000002002678                SetOrtho
 .text.glScreen2D
                0x00000000020027fc      0x540 /opt/devkitpro/libnds/lib/libnds9.a(gl2d.o)
                0x00000000020027fc                glScreen2D
 .text.glBegin2D
                0x0000000002002d3c       0x84 /opt/devkitpro/libnds/lib/libnds9.a(gl2d.o)
                0x0000000002002d3c                glBegin2D
 .text.glEnd2D  0x0000000002002dc0       0x1c /opt/devkitpro/libnds/lib/libnds9.a(gl2d.o)
                0x0000000002002dc0                glEnd2D
 .text.glBoxFilled
                0x0000000002002ddc       0x98 /opt/devkitpro/libnds/lib/libnds9.a(gl2d.o)
                0x0000000002002ddc                glBoxFilled
 .text.glMaterialf
                0x0000000002002e74       0x7c /opt/devkitpro/libnds/lib/libnds9.a(videoGL.o)
                0x0000000002002e74                glMaterialf
 .text.vramBlock_init
                0x0000000002002ef0       0x5c /opt/devkitpro/libnds/lib/libnds9.a(videoGL.o)
                0x0000000002002ef0                vramBlock_init
 .text.glInit_C
                0x0000000002002f4c      0x1cc /opt/devkitpro/libnds/lib/libnds9.a(videoGL.o)
                0x0000000002002f4c                glInit_C
 .text.glBindTexture
                0x0000000002003118       0x60 /opt/devkitpro/libnds/lib/libnds9.a(videoGL.o)
                0x0000000002003118                glBindTexture
 .text.scanKeys
                0x0000000002003178       0x8c /opt/devkitpro/libnds/lib/libnds9.a(keys.o)
                0x0000000002003178                scanKeys
 .text.keysDown
                0x0000000002003204       0x14 /opt/devkitpro/libnds/lib/libnds9.a(keys.o)
                0x0000000002003204                keysDown
 .text.initSystem
                0x0000000002003218      0x180 /opt/devkitpro/libnds/lib/libnds9.a(initSystem.o)
                0x0000000002003218                initSystem
 .text.irqDummy
                0x0000000002003398        0x4 /opt/devkitpro/libnds/lib/libnds9.a(interrupts.o)
                0x0000000002003398                irqDummy
 .text.irqSet   0x000000000200339c       0x6c /opt/devkitpro/libnds/lib/libnds9.a(interrupts.o)
                0x000000000200339c                irqSet
 .text.irqInit  0x0000000002003408       0x50 /opt/devkitpro/libnds/lib/libnds9.a(interrupts.o)
                0x0000000002003408                irqInit
 .text.irqEnable
                0x0000000002003458       0x64 /opt/devkitpro/libnds/lib/libnds9.a(interrupts.o)
                0x0000000002003458                irqEnable
 .text.systemErrorExit
                0x00000000020034bc        0x4 /opt/devkitpro/libnds/lib/libnds9.a(libnds_exit.arm.o)
                0x00000000020034bc                systemErrorExit
 .text.__libnds_exit
                0x00000000020034c0       0x5c /opt/devkitpro/libnds/lib/libnds9.a(libnds_exit.arm.o)
                0x00000000020034c0                __libnds_exit
 .text.fifo_queueBlock
                0x000000000200351c       0x44 /opt/devkitpro/libnds/lib/libnds9.a(fifosystem.o)
 .text.fifo_waitBlock
                0x0000000002003560       0x80 /opt/devkitpro/libnds/lib/libnds9.a(fifosystem.o)
 .text.fifoInternalSend.part.0
                0x00000000020035e0       0xd4 /opt/devkitpro/libnds/lib/libnds9.a(fifosystem.o)
 .text.fifoInternalSendInterrupt
                0x00000000020036b4       0xb0 /opt/devkitpro/libnds/lib/libnds9.a(fifosystem.o)
 .text.fifoSetValue32Handler
                0x0000000002003764       0xd4 /opt/devkitpro/libnds/lib/libnds9.a(fifosystem.o)
                0x0000000002003764                fifoSetValue32Handler
 .text.fifoSendValue32
                0x0000000002003838       0x4c /opt/devkitpro/libnds/lib/libnds9.a(fifosystem.o)
                0x0000000002003838                fifoSendValue32
 .text.fifoGetDatamsg
                0x0000000002003884       0xf4 /opt/devkitpro/libnds/lib/libnds9.a(fifosystem.o)
                0x0000000002003884                fifoGetDatamsg
 .text.fifoInternalRecvInterrupt
                0x0000000002003978      0x37c /opt/devkitpro/libnds/lib/libnds9.a(fifosystem.o)
 .text.fifoSetDatamsgHandler
                0x0000000002003cf4       0x9c /opt/devkitpro/libnds/lib/libnds9.a(fifosystem.o)
                0x0000000002003cf4                fifoSetDatamsgHandler
 .text.fifoInit
                0x0000000002003d90      0x108 /opt/devkitpro/libnds/lib/libnds9.a(fifosystem.o)
                0x0000000002003d90                fifoInit
 .text.__libnds_mpu_setup
                0x0000000002003e98      0x174 /opt/devkitpro/libnds/lib/libnds9.a(mpu_setup.o)
                0x0000000002003e98                __libnds_mpu_setup
 .text.memUncached
                0x000000000200400c       0x20 /opt/devkitpro/libnds/lib/libnds9.a(mpu_setup.o)
                0x000000000200400c                memUncached
 .text.swiWaitForVBlank
                0x000000000200402c        0x8 /opt/devkitpro/libnds/lib/libnds9.a(IntrWait.o)
                0x000000000200402c                swiWaitForVBlank
 .text.swiIntrWait
                0x0000000002004034       0x70 /opt/devkitpro/libnds/lib/libnds9.a(IntrWait.o)
                0x0000000002004034                swiIntrWait
 .text.setCpuClock
                0x00000000020040a4       0x50 /opt/devkitpro/libnds/lib/libnds9.a(cpu_clock.o)
                0x00000000020040a4                setCpuClock
 .text.swiDelay
                0x00000000020040f4        0x4 /opt/devkitpro/libnds/lib/libnds9.a(biosCalls.o)
                0x00000000020040f4                swiDelay
 .text.swiSoftReset
                0x00000000020040f8       0x2c /opt/devkitpro/libnds/lib/libnds9.a(swiSoftReset.o)
                0x00000000020040f8                swiSoftReset
 .text.checkIfText
                0x0000000002004124       0x5c /opt/devkitpro/libnds/lib/libnds9.a(background.o)
                0x0000000002004124                checkIfText
 .text.bgUpdate
                0x0000000002004180       0xf4 /opt/devkitpro/libnds/lib/libnds9.a(background.o)
                0x0000000002004180                bgUpdate
 .text.bgInit_call
                0x0000000002004274       0xc4 /opt/devkitpro/libnds/lib/libnds9.a(background.o)
                0x0000000002004274                bgInit_call
 .text.bgInitSub_call
                0x0000000002004338       0xcc /opt/devkitpro/libnds/lib/libnds9.a(background.o)
                0x0000000002004338                bgInitSub_call
 .text.DynamicArrayInit
                0x0000000002004404       0x18 /opt/devkitpro/libnds/lib/libnds9.a(dynamicArray.o)
                0x0000000002004404                DynamicArrayInit
 .text.DynamicArrayGet
                0x000000000200441c       0x18 /opt/devkitpro/libnds/lib/libnds9.a(dynamicArray.o)
                0x000000000200441c                DynamicArrayGet
 .text.DynamicArraySet
                0x0000000002004434       0x48 /opt/devkitpro/libnds/lib/libnds9.a(dynamicArray.o)
                0x0000000002004434                DynamicArraySet
 .text.sinLutLookup
                0x000000000200447c       0x4c /opt/devkitpro/libnds/lib/libnds9.a(trig.o)
                0x000000000200447c                sinLutLookup
 .text.sinLerp  0x00000000020044c8       0x40 /opt/devkitpro/libnds/lib/libnds9.a(trig.o)
                0x00000000020044c8                sinLerp
 .text.cosLerp  0x0000000002004508       0x4c /opt/devkitpro/libnds/lib/libnds9.a(trig.o)
                0x0000000002004508                cosLerp
 .text.tanLerp  0x0000000002004554       0xb0 /opt/devkitpro/libnds/lib/libnds9.a(trig.o)
                0x0000000002004554                tanLerp
 .text.vramDefault
                0x0000000002004604       0xd0 /opt/devkitpro/libnds/lib/libnds9.a(video.o)
                0x0000000002004604                vramDefault
 .text.systemValueHandler
                0x00000000020046d4       0x48 /opt/devkitpro/libnds/lib/libnds9.a(system.o)
                0x00000000020046d4                systemValueHandler
 .text.systemMsgHandler
                0x000000000200471c       0x60 /opt/devkitpro/libnds/lib/libnds9.a(system.o)
                0x000000000200471c                systemMsgHandler
 .text.powerOn  0x000000000200477c       0x2c /opt/devkitpro/libnds/lib/libnds9.a(system.o)
                0x000000000200477c                powerOn
 .text.__muldi3
                0x00000000020047a8       0x54 /opt/devkitpro/devkitARM/bin/../lib/gcc/arm-none-eabi/11.2.0/thumb/libgcc.a(_muldi3.o)
                0x00000000020047a8                __aeabi_lmul
                0x00000000020047a8                __muldi3
 .text.calloc   0x00000000020047fc       0x18 /opt/devkitpro/devkitARM/bin/../lib/gcc/arm-none-eabi/11.2.0/../../../../arm-none-eabi/lib/thumb/libg.a(lib_a-calloc.o)
                0x00000000020047fc                calloc
 .text._calloc_r
                0x0000000002004814       0xb0 /opt/devkitpro/devkitARM/bin/../lib/gcc/arm-none-eabi/11.2.0/../../../../arm-none-eabi/lib/thumb/libg.a(lib_a-callocr.o)
                0x0000000002004814                _calloc_r
 .text.__errno  0x00000000020048c4        0xc /opt/devkitpro/devkitARM/bin/../lib/gcc/arm-none-eabi/11.2.0/../../../../arm-none-eabi/lib/thumb/libg.a(lib_a-errno.o)
                0x00000000020048c4                __errno
 .text.__libc_init_array
                0x00000000020048d0       0x50 /opt/devkitpro/devkitARM/bin/../lib/gcc/arm-none-eabi/11.2.0/../../../../arm-none-eabi/lib/thumb/libg.a(lib_a-init.o)
                0x00000000020048d0                __libc_init_array
 .text.iprintf  0x0000000002004920       0x24 /opt/devkitpro/devkitARM/bin/../lib/gcc/arm-none-eabi/11.2.0/../../../../arm-none-eabi/lib/thumb/libg.a(lib_a-iprintf.o)
                0x0000000002004920                iprintf
 .text.malloc   0x0000000002004944       0x14 /opt/devkitpro/devkitARM/bin/../lib/gcc/arm-none-eabi/11.2.0/../../../../arm-none-eabi/lib/thumb/libg.a(lib_a-malloc.o)
                0x0000000002004944                malloc
 .text.free     0x0000000002004958       0x14 /opt/devkitpro/devkitARM/bin/../lib/gcc/arm-none-eabi/11.2.0/../../../../arm-none-eabi/lib/thumb/libg.a(lib_a-malloc.o)
                0x0000000002004958                free
 .text._malloc_r
                0x000000000200496c      0x58c /opt/devkitpro/devkitARM/bin/../lib/gcc/arm-none-eabi/11.2.0/../../../../arm-none-eabi/lib/thumb/libg.a(lib_a-mallocr.o)
                0x000000000200496c                _malloc_r
 .text.memcpy   0x0000000002004ef8       0xa8 /opt/devkitpro/devkitARM/bin/../lib/gcc/arm-none-eabi/11.2.0/../../../../arm-none-eabi/lib/thumb/libg.a(lib_a-memcpy-stub.o)
                0x0000000002004ef8                memcpy
 .text.memset   0x0000000002004fa0       0xb0 /opt/devkitpro/devkitARM/bin/../lib/gcc/arm-none-eabi/11.2.0/../../../../arm-none-eabi/lib/thumb/libg.a(lib_a-memset.o)
                0x0000000002004fa0                memset
 .text.__malloc_lock
                0x0000000002005050       0x14 /opt/devkitpro/devkitARM/bin/../lib/gcc/arm-none-eabi/11.2.0/../../../../arm-none-eabi/lib/thumb/libg.a(lib_a-mlock.o)
                0x0000000002005050                __malloc_lock
 .text.__malloc_unlock
                0x0000000002005064       0x14 /opt/devkitpro/devkitARM/bin/../lib/gcc/arm-none-eabi/11.2.0/../../../../arm-none-eabi/lib/thumb/libg.a(lib_a-mlock.o)
                0x0000000002005064                __malloc_unlock
 .text.rand     0x0000000002005078       0x34 /opt/devkitpro/devkitARM/bin/../lib/gcc/arm-none-eabi/11.2.0/../../../../arm-none-eabi/lib/thumb/libg.a(lib_a-rand.o)
                0x0000000002005078                rand
 .text.realloc  0x00000000020050ac       0x18 /opt/devkitpro/devkitARM/bin/../lib/gcc/arm-none-eabi/11.2.0/../../../../arm-none-eabi/lib/thumb/libg.a(lib_a-realloc.o)
                0x00000000020050ac                realloc
 .text._realloc_r
                0x00000000020050c4      0x380 /opt/devkitpro/devkitARM/bin/../lib/gcc/arm-none-eabi/11.2.0/../../../../arm-none-eabi/lib/thumb/libg.a(lib_a-reallocr.o)
                0x00000000020050c4                _realloc_r
 .text.setvbuf  0x0000000002005444      0x1ac /opt/devkitpro/devkitARM/bin/../lib/gcc/arm-none-eabi/11.2.0/../../../../arm-none-eabi/lib/thumb/libg.a(lib_a-setvbuf.o)
                0x0000000002005444                setvbuf
 .text.siscanf  0x00000000020055f0       0x4c /opt/devkitpro/devkitARM/bin/../lib/gcc/arm-none-eabi/11.2.0/../../../../arm-none-eabi/lib/thumb/libg.a(lib_a-siscanf.o)
                0x00000000020055f0                siscanf
 .text.__sread  0x000000000200563c       0x34 /opt/devkitpro/devkitARM/bin/../lib/gcc/arm-none-eabi/11.2.0/../../../../arm-none-eabi/lib/thumb/libg.a(lib_a-stdio.o)
                0x000000000200563c                __sread
 .text.__seofread
                0x0000000002005670        0x4 /opt/devkitpro/devkitARM/bin/../lib/gcc/arm-none-eabi/11.2.0/../../../../arm-none-eabi/lib/thumb/libg.a(lib_a-stdio.o)
                0x0000000002005670                __seofread
 .text.__swrite
                0x0000000002005674       0x4c /opt/devkitpro/devkitARM/bin/../lib/gcc/arm-none-eabi/11.2.0/../../../../arm-none-eabi/lib/thumb/libg.a(lib_a-stdio.o)
                0x0000000002005674                __swrite
 .text.__sseek  0x00000000020056c0       0x40 /opt/devkitpro/devkitARM/bin/../lib/gcc/arm-none-eabi/11.2.0/../../../../arm-none-eabi/lib/thumb/libg.a(lib_a-stdio.o)
                0x00000000020056c0                __sseek
 .text.__sclose
                0x0000000002005700       0x10 /opt/devkitpro/devkitARM/bin/../lib/gcc/arm-none-eabi/11.2.0/../../../../arm-none-eabi/lib/thumb/libg.a(lib_a-stdio.o)
                0x0000000002005700                __sclose
 .text.strlen   0x0000000002005710       0x60 /opt/devkitpro/devkitARM/bin/../lib/gcc/arm-none-eabi/11.2.0/../../../../arm-none-eabi/lib/thumb/libg.a(lib_a-strlen-stub.o)
                0x0000000002005710                strlen
 .text.get_arg  0x0000000002005770       0x32 /opt/devkitpro/devkitARM/bin/../lib/gcc/arm-none-eabi/11.2.0/../../../../arm-none-eabi/lib/thumb/libg.a(lib_a-svfiscanf.o)
 .text._sungetc_r
                0x00000000020057a2       0x7e /opt/devkitpro/devkitARM/bin/../lib/gcc/arm-none-eabi/11.2.0/../../../../arm-none-eabi/lib/thumb/libg.a(lib_a-svfiscanf.o)
                0x00000000020057a2                _sungetc_r
 .text.__ssrefill_r
                0x0000000002005820       0x42 /opt/devkitpro/devkitARM/bin/../lib/gcc/arm-none-eabi/11.2.0/../../../../arm-none-eabi/lib/thumb/libg.a(lib_a-svfiscanf.o)
                0x0000000002005820                __ssrefill_r
 .text._sfread_r
                0x0000000002005862       0x88 /opt/devkitpro/devkitARM/bin/../lib/gcc/arm-none-eabi/11.2.0/../../../../arm-none-eabi/lib/thumb/libg.a(lib_a-svfiscanf.o)
                0x0000000002005862                _sfread_r
 *fill*         0x00000000020058ea        0x2 ff
 .text.__ssvfiscanf_r
                0x00000000020058ec     0x1a04 /opt/devkitpro/devkitARM/bin/../lib/gcc/arm-none-eabi/11.2.0/../../../../arm-none-eabi/lib/thumb/libg.a(lib_a-svfiscanf.o)
                0x00000000020058ec                __ssvfiscanf_r
 .text.__submore
                0x00000000020072f0       0x88 /opt/devkitpro/devkitARM/bin/../lib/gcc/arm-none-eabi/11.2.0/../../../../arm-none-eabi/lib/thumb/libg.a(lib_a-ungetc.o)
                0x00000000020072f0                __submore
 .text.get_arg  0x0000000002007378      0x400 /opt/devkitpro/devkitARM/bin/../lib/gcc/arm-none-eabi/11.2.0/../../../../arm-none-eabi/lib/thumb/libg.a(lib_a-vfiprintf.o)
 .text.__sprint_r
                0x0000000002007778       0x24 /opt/devkitpro/devkitARM/bin/../lib/gcc/arm-none-eabi/11.2.0/../../../../arm-none-eabi/lib/thumb/libg.a(lib_a-vfiprintf.o)
                0x0000000002007778                __sprint_r
 .text._vfiprintf_r
                0x000000000200779c     0x1710 /opt/devkitpro/devkitARM/bin/../lib/gcc/arm-none-eabi/11.2.0/../../../../arm-none-eabi/lib/thumb/libg.a(lib_a-vfiprintf.o)
                0x000000000200779c                _vfiprintf_r
 .text.__sbprintf
                0x0000000002008eac       0x8c /opt/devkitpro/devkitARM/bin/../lib/gcc/arm-none-eabi/11.2.0/../../../../arm-none-eabi/lib/thumb/libg.a(lib_a-vfiprintf.o)
 .text._wcrtomb_r
                0x0000000002008f38       0x5c /opt/devkitpro/devkitARM/bin/../lib/gcc/arm-none-eabi/11.2.0/../../../../arm-none-eabi/lib/thumb/libg.a(lib_a-wcrtomb.o)
                0x0000000002008f38                _wcrtomb_r
 .text._wcsrtombs_r
                0x0000000002008f94       0x1c /opt/devkitpro/devkitARM/bin/../lib/gcc/arm-none-eabi/11.2.0/../../../../arm-none-eabi/lib/thumb/libg.a(lib_a-wcsrtombs.o)
                0x0000000002008f94                _wcsrtombs_r
 .text.__swsetup_r
                0x0000000002008fb0       0xe4 /opt/devkitpro/devkitARM/bin/../lib/gcc/arm-none-eabi/11.2.0/../../../../arm-none-eabi/lib/thumb/libg.a(lib_a-wsetup.o)
                0x0000000002008fb0                __swsetup_r
 .text.__sflush_r
                0x0000000002009094      0x1c0 /opt/devkitpro/devkitARM/bin/../lib/gcc/arm-none-eabi/11.2.0/../../../../arm-none-eabi/lib/thumb/libg.a(lib_a-fflush.o)
                0x0000000002009094                __sflush_r
 .text._fflush_r
                0x0000000002009254       0x70 /opt/devkitpro/devkitARM/bin/../lib/gcc/arm-none-eabi/11.2.0/../../../../arm-none-eabi/lib/thumb/libg.a(lib_a-fflush.o)
                0x0000000002009254                _fflush_r
 .text._cleanup_r
                0x00000000020092c4       0x14 /opt/devkitpro/devkitARM/bin/../lib/gcc/arm-none-eabi/11.2.0/../../../../arm-none-eabi/lib/thumb/libg.a(lib_a-findfp.o)
                0x00000000020092c4                _cleanup_r
 .text.__sinit  0x00000000020092d8      0x124 /opt/devkitpro/devkitARM/bin/../lib/gcc/arm-none-eabi/11.2.0/../../../../arm-none-eabi/lib/thumb/libg.a(lib_a-findfp.o)
                0x00000000020092d8                __sinit
 .text.__sfp_lock_acquire
                0x00000000020093fc       0x14 /opt/devkitpro/devkitARM/bin/../lib/gcc/arm-none-eabi/11.2.0/../../../../arm-none-eabi/lib/thumb/libg.a(lib_a-findfp.o)
                0x00000000020093fc                __sfp_lock_acquire
 .text.__sfp_lock_release
                0x0000000002009410       0x14 /opt/devkitpro/devkitARM/bin/../lib/gcc/arm-none-eabi/11.2.0/../../../../arm-none-eabi/lib/thumb/libg.a(lib_a-findfp.o)
                0x0000000002009410                __sfp_lock_release
 .text._malloc_trim_r
                0x0000000002009424       0xa0 /opt/devkitpro/devkitARM/bin/../lib/gcc/arm-none-eabi/11.2.0/../../../../arm-none-eabi/lib/thumb/libg.a(lib_a-freer.o)
                0x0000000002009424                _malloc_trim_r
 .text._free_r  0x00000000020094c4      0x1d8 /opt/devkitpro/devkitARM/bin/../lib/gcc/arm-none-eabi/11.2.0/../../../../arm-none-eabi/lib/thumb/libg.a(lib_a-freer.o)
                0x00000000020094c4                _free_r
 .text.__sfvwrite_r
                0x000000000200969c      0x34c /opt/devkitpro/devkitARM/bin/../lib/gcc/arm-none-eabi/11.2.0/../../../../arm-none-eabi/lib/thumb/libg.a(lib_a-fvwrite.o)
                0x000000000200969c                __sfvwrite_r
 .text._fwalk_reent
                0x00000000020099e8       0x50 /opt/devkitpro/devkitARM/bin/../lib/gcc/arm-none-eabi/11.2.0/../../../../arm-none-eabi/lib/thumb/libg.a(lib_a-fwalk.o)
                0x00000000020099e8                _fwalk_reent
 .text.iswspace
                0x0000000002009a38       0x10 /opt/devkitpro/devkitARM/bin/../lib/gcc/arm-none-eabi/11.2.0/../../../../arm-none-eabi/lib/thumb/libg.a(lib_a-iswspace.o)
                0x0000000002009a38                iswspace
 .text._localeconv_r
                0x0000000002009a48        0x8 /opt/devkitpro/devkitARM/bin/../lib/gcc/arm-none-eabi/11.2.0/../../../../arm-none-eabi/lib/thumb/libg.a(lib_a-localeconv.o)
                0x0000000002009a48                _localeconv_r
 .text.__locale_mb_cur_max
                0x0000000002009a50       0x10 /opt/devkitpro/devkitARM/bin/../lib/gcc/arm-none-eabi/11.2.0/../../../../arm-none-eabi/lib/thumb/libg.a(lib_a-locale.o)
                0x0000000002009a50                __locale_mb_cur_max
 .text.__smakebuf_r
                0x0000000002009a60       0xec /opt/devkitpro/devkitARM/bin/../lib/gcc/arm-none-eabi/11.2.0/../../../../arm-none-eabi/lib/thumb/libg.a(lib_a-makebuf.o)
                0x0000000002009a60                __smakebuf_r
 .text.__swhatbuf_r
                0x0000000002009b4c       0x5c /opt/devkitpro/devkitARM/bin/../lib/gcc/arm-none-eabi/11.2.0/../../../../arm-none-eabi/lib/thumb/libg.a(lib_a-makebuf.o)
                0x0000000002009b4c                __swhatbuf_r
 .text._mbrtowc_r
                0x0000000002009ba8       0x60 /opt/devkitpro/devkitARM/bin/../lib/gcc/arm-none-eabi/11.2.0/../../../../arm-none-eabi/lib/thumb/libg.a(lib_a-mbrtowc.o)
                0x0000000002009ba8                _mbrtowc_r
 .text.__utf8_mbtowc
                0x0000000002009c08      0x294 /opt/devkitpro/devkitARM/bin/../lib/gcc/arm-none-eabi/11.2.0/../../../../arm-none-eabi/lib/thumb/libg.a(lib_a-mbtowc_r.o)
                0x0000000002009c08                __utf8_mbtowc
 .text.memchr   0x0000000002009e9c       0x78 /opt/devkitpro/devkitARM/bin/../lib/gcc/arm-none-eabi/11.2.0/../../../../arm-none-eabi/lib/thumb/libg.a(lib_a-memchr-stub.o)
                0x0000000002009e9c                memchr
 .text.memmove  0x0000000002009f14       0xbc /opt/devkitpro/devkitARM/bin/../lib/gcc/arm-none-eabi/11.2.0/../../../../arm-none-eabi/lib/thumb/libg.a(lib_a-memmove.o)
                0x0000000002009f14                memmove
 .text.__sccl   0x0000000002009fd0       0x90 /opt/devkitpro/devkitARM/bin/../lib/gcc/arm-none-eabi/11.2.0/../../../../arm-none-eabi/lib/thumb/libg.a(lib_a-sccl.o)
                0x0000000002009fd0                __sccl
 .text.strncpy  0x000000000200a060       0x74 /opt/devkitpro/devkitARM/bin/../lib/gcc/arm-none-eabi/11.2.0/../../../../arm-none-eabi/lib/thumb/libg.a(lib_a-strncpy.o)
                0x000000000200a060                strncpy
 .text._strtoll_l.constprop.0
                0x000000000200a0d4      0x1a4 /opt/devkitpro/devkitARM/bin/../lib/gcc/arm-none-eabi/11.2.0/../../../../arm-none-eabi/lib/thumb/libg.a(lib_a-strtoll.o)
 .text._strtoll_r
                0x000000000200a278        0xc /opt/devkitpro/devkitARM/bin/../lib/gcc/arm-none-eabi/11.2.0/../../../../arm-none-eabi/lib/thumb/libg.a(lib_a-strtoll.o)
                0x000000000200a278                _strtoll_r
 .text._strtol_l.part.0
                0x000000000200a284      0x144 /opt/devkitpro/devkitARM/bin/../lib/gcc/arm-none-eabi/11.2.0/../../../../arm-none-eabi/lib/thumb/libg.a(lib_a-strtol.o)
 .text._strtol_r
                0x000000000200a3c8       0x20 /opt/devkitpro/devkitARM/bin/../lib/gcc/arm-none-eabi/11.2.0/../../../../arm-none-eabi/lib/thumb/libg.a(lib_a-strtol.o)
                0x000000000200a3c8                _strtol_r
 .text._strtoull_l.constprop.0
                0x000000000200a3e8      0x1c0 /opt/devkitpro/devkitARM/bin/../lib/gcc/arm-none-eabi/11.2.0/../../../../arm-none-eabi/lib/thumb/libg.a(lib_a-strtoull.o)
 .text._strtoull_r
                0x000000000200a5a8        0xc /opt/devkitpro/devkitARM/bin/../lib/gcc/arm-none-eabi/11.2.0/../../../../arm-none-eabi/lib/thumb/libg.a(lib_a-strtoull.o)
                0x000000000200a5a8                _strtoull_r
 .text._strtoul_l.constprop.0
                0x000000000200a5b4      0x148 /opt/devkitpro/devkitARM/bin/../lib/gcc/arm-none-eabi/11.2.0/../../../../arm-none-eabi/lib/thumb/libg.a(lib_a-strtoul.o)
 .text._strtoul_r
                0x000000000200a6fc        0xc /opt/devkitpro/devkitARM/bin/../lib/gcc/arm-none-eabi/11.2.0/../../../../arm-none-eabi/lib/thumb/libg.a(lib_a-strtoul.o)
                0x000000000200a6fc                _strtoul_r
 .text._wcsnrtombs_l
                0x000000000200a708      0x110 /opt/devkitpro/devkitARM/bin/../lib/gcc/arm-none-eabi/11.2.0/../../../../arm-none-eabi/lib/thumb/libg.a(lib_a-wcsnrtombs.o)
                0x000000000200a708                _wcsnrtombs_l
 .text._wcsnrtombs_r
                0x000000000200a818       0x30 /opt/devkitpro/devkitARM/bin/../lib/gcc/arm-none-eabi/11.2.0/../../../../arm-none-eabi/lib/thumb/libg.a(lib_a-wcsnrtombs.o)
                0x000000000200a818                _wcsnrtombs_r
 .text.__utf8_wctomb
                0x000000000200a848       0xb4 /opt/devkitpro/devkitARM/bin/../lib/gcc/arm-none-eabi/11.2.0/../../../../arm-none-eabi/lib/thumb/libg.a(lib_a-wctomb_r.o)
                0x000000000200a848                __utf8_wctomb
 .text._fclose_r
                0x000000000200a8fc       0xe8 /opt/devkitpro/devkitARM/bin/../lib/gcc/arm-none-eabi/11.2.0/../../../../arm-none-eabi/lib/thumb/libg.a(lib_a-fclose.o)
                0x000000000200a8fc                _fclose_r
 .text.iswspace_l
                0x000000000200a9e4       0x2c /opt/devkitpro/devkitARM/bin/../lib/gcc/arm-none-eabi/11.2.0/../../../../arm-none-eabi/lib/thumb/libg.a(lib_a-iswspace_l.o)
                0x000000000200a9e4                iswspace_l
 .text.__jp2uc  0x000000000200aa10      0x154 /opt/devkitpro/devkitARM/bin/../lib/gcc/arm-none-eabi/11.2.0/../../../../arm-none-eabi/lib/thumb/libg.a(lib_a-jp2uc.o)
 .text._jp2uc_l
                0x000000000200ab64       0x6c /opt/devkitpro/devkitARM/bin/../lib/gcc/arm-none-eabi/11.2.0/../../../../arm-none-eabi/lib/thumb/libg.a(lib_a-jp2uc.o)
                0x000000000200ab64                _jp2uc_l
 .text.category
                0x000000000200abd0       0x54 /opt/devkitpro/devkitARM/bin/../lib/gcc/arm-none-eabi/11.2.0/../../../../arm-none-eabi/lib/thumb/libg.a(lib_a-categories.o)
                0x000000000200abd0                category
 .text.null_write
                0x000000000200ac24        0x4 /opt/devkitpro/devkitARM/bin/../lib/gcc/arm-none-eabi/11.2.0/../../../../arm-none-eabi/lib/thumb/libsysbase.a(iosupport.o)
 .text._fstat_r
                0x000000000200ac28       0x4c /opt/devkitpro/devkitARM/bin/../lib/gcc/arm-none-eabi/11.2.0/../../../../arm-none-eabi/lib/thumb/libsysbase.a(fstat.o)
                0x000000000200ac28                _fstat_r
 .text._isatty_r
                0x000000000200ac74        0x4 /opt/devkitpro/devkitARM/bin/../lib/gcc/arm-none-eabi/11.2.0/../../../../arm-none-eabi/lib/thumb/libsysbase.a(isatty.o)
                0x000000000200ac74                _isatty_r
 .text._lseek_r
                0x000000000200ac78       0x5c /opt/devkitpro/devkitARM/bin/../lib/gcc/arm-none-eabi/11.2.0/../../../../arm-none-eabi/lib/thumb/libsysbase.a(lseek.o)
                0x000000000200ac78                _lseek_r
 .text._read_r  0x000000000200acd4       0x50 /opt/devkitpro/devkitARM/bin/../lib/gcc/arm-none-eabi/11.2.0/../../../../arm-none-eabi/lib/thumb/libsysbase.a(read.o)
                0x000000000200acd4                _read_r
 .text._sbrk_r  0x000000000200ad24       0x54 /opt/devkitpro/devkitARM/bin/../lib/gcc/arm-none-eabi/11.2.0/../../../../arm-none-eabi/lib/thumb/libsysbase.a(sbrk.o)
                0x000000000200ad24                _sbrk_r
 .text._write_r
                0x000000000200ad78       0x50 /opt/devkitpro/devkitARM/bin/../lib/gcc/arm-none-eabi/11.2.0/../../../../arm-none-eabi/lib/thumb/libsysbase.a(write.o)
                0x000000000200ad78                _write_r
 .text.build_argv
                0x000000000200adc8       0x4c /opt/devkitpro/devkitARM/bin/../lib/gcc/arm-none-eabi/11.2.0/../../../../arm-none-eabi/lib/thumb/libsysbase.a(build_argv.o)
                0x000000000200adc8                build_argv
 .text.__flockfile
                0x000000000200ae14       0x10 /opt/devkitpro/devkitARM/bin/../lib/gcc/arm-none-eabi/11.2.0/../../../../arm-none-eabi/lib/thumb/libsysbase.a(flock.o)
                0x000000000200ae14                __flockfile
 .text.__funlockfile
                0x000000000200ae24       0x10 /opt/devkitpro/devkitARM/bin/../lib/gcc/arm-none-eabi/11.2.0/../../../../arm-none-eabi/lib/thumb/libsysbase.a(flock.o)
                0x000000000200ae24                __funlockfile
 .text.__get_handle
                0x000000000200ae34       0x34 /opt/devkitpro/devkitARM/bin/../lib/gcc/arm-none-eabi/11.2.0/../../../../arm-none-eabi/lib/thumb/libsysbase.a(handle_manager.o)
                0x000000000200ae34                __get_handle
 .text._close_r
                0x000000000200ae68       0xb8 /opt/devkitpro/devkitARM/bin/../lib/gcc/arm-none-eabi/11.2.0/../../../../arm-none-eabi/lib/thumb/libsysbase.a(handle_manager.o)
                0x000000000200ae68                _close_r
 .text.__getreent
                0x000000000200af20       0x20 /opt/devkitpro/devkitARM/bin/../lib/gcc/arm-none-eabi/11.2.0/../../../../arm-none-eabi/lib/thumb/libsysbase.a(getreent.o)
                0x000000000200af20                __getreent
 .text.__libc_lock_acquire
                0x000000000200af40       0x18 /opt/devkitpro/devkitARM/bin/../lib/gcc/arm-none-eabi/11.2.0/../../../../arm-none-eabi/lib/thumb/libsysbase.a(syscall_support.o)
                0x000000000200af40                __libc_lock_acquire
 .text.__libc_lock_release
                0x000000000200af58       0x18 /opt/devkitpro/devkitARM/bin/../lib/gcc/arm-none-eabi/11.2.0/../../../../arm-none-eabi/lib/thumb/libsysbase.a(syscall_support.o)
                0x000000000200af58                __libc_lock_release
 .text.__libc_lock_init_recursive
                0x000000000200af70       0x18 /opt/devkitpro/devkitARM/bin/../lib/gcc/arm-none-eabi/11.2.0/../../../../arm-none-eabi/lib/thumb/libsysbase.a(syscall_support.o)
                0x000000000200af70                __libc_lock_init_recursive
 .text.__libc_lock_acquire_recursive
                0x000000000200af88       0x18 /opt/devkitpro/devkitARM/bin/../lib/gcc/arm-none-eabi/11.2.0/../../../../arm-none-eabi/lib/thumb/libsysbase.a(syscall_support.o)
                0x000000000200af88                __libc_lock_acquire_recursive
 .text.__libc_lock_release_recursive
                0x000000000200afa0       0x18 /opt/devkitpro/devkitARM/bin/../lib/gcc/arm-none-eabi/11.2.0/../../../../arm-none-eabi/lib/thumb/libsysbase.a(syscall_support.o)
                0x000000000200afa0                __libc_lock_release_recursive
 .text.__libc_lock_close_recursive
                0x000000000200afb8       0x18 /opt/devkitpro/devkitARM/bin/../lib/gcc/arm-none-eabi/11.2.0/../../../../arm-none-eabi/lib/thumb/libsysbase.a(syscall_support.o)
                0x000000000200afb8                __libc_lock_close_recursive
 .text.__udivmoddi4
                0x000000000200afd0      0x19c /opt/devkitpro/devkitARM/bin/../lib/gcc/arm-none-eabi/11.2.0/thumb/libgcc.a(_udivmoddi4.o)
                0x000000000200afd0                __udivmoddi4
 *fill*         0x000000000200b16c        0x4 ff
 .text.__udivmoddi4.__stub
                0x000000000200b170       0xd8 linker stubs
 *(EXCLUDE_FILE(*.twl*) .gnu.warning)
 *(EXCLUDE_FILE(*.twl*) .gnu.linkonce.t*)
 *(.glue_7)
 .glue_7        0x000000000200b258        0x0 linker stubs
 *(.glue_7t)
 .glue_7t       0x000000000200b258        0x0 linker stubs
                0x000000000200b258                . = ALIGN (0x4)

.vfp11_veneer   0x000000000200b258        0x0
 .vfp11_veneer  0x000000000200b258        0x0 linker stubs

.v4_bx          0x000000000200b258        0x0
 .v4_bx         0x000000000200b258        0x0 linker stubs

.iplt           0x000000000200b258        0x0
 .iplt          0x000000000200b258        0x0 /opt/devkitpro/devkitARM/bin/../lib/gcc/arm-none-eabi/11.2.0/../../../../arm-none-eabi/lib/thumb/ds_arm9_crt0.o

.fini           0x000000000200b258        0xc
 *(.fini)
 .fini          0x000000000200b258        0x4 /opt/devkitpro/devkitARM/bin/../lib/gcc/arm-none-eabi/11.2.0/thumb/crti.o
                0x000000000200b258                _fini
 .fini          0x000000000200b25c        0x8 /opt/devkitpro/devkitARM/bin/../lib/gcc/arm-none-eabi/11.2.0/thumb/crtn.o
                0x000000000200b264                __text_end = .

.rodata         0x000000000200b264     0x8ff0
 *(EXCLUDE_FILE(*.twl*) .rodata)
 *all.rodata*(*)
 *(EXCLUDE_FILE(*.twl*) .roda)
 *(EXCLUDE_FILE(*.twl*) .rodata.*)
 .rodata.str1.4
                0x000000000200b264       0x26 main.o
 *fill*         0x000000000200b28a        0x2 ff
 .rodata.con_write.str1.4
                0x000000000200b28c       0x30 /opt/devkitpro/libnds/lib/libnds9.a(console.o)
 .rodata.con_write
                0x000000000200b2bc       0xd4 /opt/devkitpro/libnds/lib/libnds9.a(console.o)
 .rodata.str1.4
                0x000000000200b390       0x14 /opt/devkitpro/libnds/lib/libnds9.a(console.o)
 .rodata.dotab_stdout
                0x000000000200b3a4       0x70 /opt/devkitpro/libnds/lib/libnds9.a(console.o)
 .rodata.glMaterialf
                0x000000000200b414       0x44 /opt/devkitpro/libnds/lib/libnds9.a(videoGL.o)
 .rodata.default_font_bin
                0x000000000200b458     0x2000 /opt/devkitpro/libnds/lib/libnds9.a(default_font.bin.o)
                0x000000000200b458                default_font_bin
                0x000000000200d458                default_font_bin_end
 .rodata.SIN_LUT
                0x000000000200d458      0x102 /opt/devkitpro/libnds/lib/libnds9.a(trig.o)
                0x000000000200d458                SIN_LUT
 *fill*         0x000000000200d55a        0x2 ff
 .rodata.TAN_LUT
                0x000000000200d55c      0x204 /opt/devkitpro/libnds/lib/libnds9.a(trig.o)
                0x000000000200d55c                TAN_LUT
 .rodata.basefix.0
                0x000000000200d760       0x22 /opt/devkitpro/devkitARM/bin/../lib/gcc/arm-none-eabi/11.2.0/../../../../arm-none-eabi/lib/thumb/libg.a(lib_a-svfiscanf.o)
 .rodata._vfiprintf_r.str1.1
                0x000000000200d782       0x29 /opt/devkitpro/devkitARM/bin/../lib/gcc/arm-none-eabi/11.2.0/../../../../arm-none-eabi/lib/thumb/libg.a(lib_a-vfiprintf.o)
 *fill*         0x000000000200d7ab        0x1 ff
 .rodata.blanks.1
                0x000000000200d7ac       0x10 /opt/devkitpro/devkitARM/bin/../lib/gcc/arm-none-eabi/11.2.0/../../../../arm-none-eabi/lib/thumb/libg.a(lib_a-vfiprintf.o)
 .rodata.zeroes.0
                0x000000000200d7bc       0x10 /opt/devkitpro/devkitARM/bin/../lib/gcc/arm-none-eabi/11.2.0/../../../../arm-none-eabi/lib/thumb/libg.a(lib_a-vfiprintf.o)
 .rodata._ctype_
                0x000000000200d7cc      0x101 /opt/devkitpro/devkitARM/bin/../lib/gcc/arm-none-eabi/11.2.0/../../../../arm-none-eabi/lib/thumb/libg.a(lib_a-ctype_.o)
                0x000000000200d7cc                _ctype_
 *fill*         0x000000000200d8cd        0x3 ff
 .rodata.str1.4
                0x000000000200d8d0       0x48 /opt/devkitpro/devkitARM/bin/../lib/gcc/arm-none-eabi/11.2.0/../../../../arm-none-eabi/lib/thumb/libg.a(lib_a-locale.o)
                                         0x4c (size before relaxing)
 .rodata._mbrtowc_r.str1.4
                0x000000000200d918        0x1 /opt/devkitpro/devkitARM/bin/../lib/gcc/arm-none-eabi/11.2.0/../../../../arm-none-eabi/lib/thumb/libg.a(lib_a-mbrtowc.o)
 .rodata.__action_table
                0x000000000200d918       0x6c /opt/devkitpro/devkitARM/bin/../lib/gcc/arm-none-eabi/11.2.0/../../../../arm-none-eabi/lib/thumb/libg.a(lib_a-svfiprintf.o)
                0x000000000200d918                __action_table
 .rodata.__chclass
                0x000000000200d984      0x100 /opt/devkitpro/devkitARM/bin/../lib/gcc/arm-none-eabi/11.2.0/../../../../arm-none-eabi/lib/thumb/libg.a(lib_a-svfiprintf.o)
                0x000000000200d984                __chclass
 .rodata.__state_table
                0x000000000200da84       0x6c /opt/devkitpro/devkitARM/bin/../lib/gcc/arm-none-eabi/11.2.0/../../../../arm-none-eabi/lib/thumb/libg.a(lib_a-svfiprintf.o)
                0x000000000200da84                __state_table
 .rodata.__jp2uc
                0x000000000200daf0       0x20 /opt/devkitpro/devkitARM/bin/../lib/gcc/arm-none-eabi/11.2.0/../../../../arm-none-eabi/lib/thumb/libg.a(lib_a-jp2uc.o)
 .rodata._jp2uc_l.str1.4
                0x000000000200db10       0x12 /opt/devkitpro/devkitARM/bin/../lib/gcc/arm-none-eabi/11.2.0/../../../../arm-none-eabi/lib/thumb/libg.a(lib_a-jp2uc.o)
 *fill*         0x000000000200db22        0x2 ff
 .rodata.a1     0x000000000200db24       0xbc /opt/devkitpro/devkitARM/bin/../lib/gcc/arm-none-eabi/11.2.0/../../../../arm-none-eabi/lib/thumb/libg.a(lib_a-jp2uc.o)
 .rodata.a2     0x000000000200dbe0       0xbc /opt/devkitpro/devkitARM/bin/../lib/gcc/arm-none-eabi/11.2.0/../../../../arm-none-eabi/lib/thumb/libg.a(lib_a-jp2uc.o)
 .rodata.a3     0x000000000200dc9c       0x5b /opt/devkitpro/devkitARM/bin/../lib/gcc/arm-none-eabi/11.2.0/../../../../arm-none-eabi/lib/thumb/libg.a(lib_a-jp2uc.o)
 *fill*         0x000000000200dcf7        0x1 ff
 .rodata.a6     0x000000000200dcf8       0x70 /opt/devkitpro/devkitARM/bin/../lib/gcc/arm-none-eabi/11.2.0/../../../../arm-none-eabi/lib/thumb/libg.a(lib_a-jp2uc.o)
 .rodata.a7     0x000000000200dd68       0xa2 /opt/devkitpro/devkitARM/bin/../lib/gcc/arm-none-eabi/11.2.0/../../../../arm-none-eabi/lib/thumb/libg.a(lib_a-jp2uc.o)
 *fill*         0x000000000200de0a        0x2 ff
 .rodata.a8     0x000000000200de0c       0x40 /opt/devkitpro/devkitARM/bin/../lib/gcc/arm-none-eabi/11.2.0/../../../../arm-none-eabi/lib/thumb/libg.a(lib_a-jp2uc.o)
 .rodata.b02cf  0x000000000200de4c     0x172a /opt/devkitpro/devkitARM/bin/../lib/gcc/arm-none-eabi/11.2.0/../../../../arm-none-eabi/lib/thumb/libg.a(lib_a-jp2uc.o)
 *fill*         0x000000000200f576        0x2 ff
 .rodata.d02f4  0x000000000200f578     0x1a7c /opt/devkitpro/devkitARM/bin/../lib/gcc/arm-none-eabi/11.2.0/../../../../arm-none-eabi/lib/thumb/libg.a(lib_a-jp2uc.o)
 .rodata.categories
                0x0000000002010ff4     0x31e6 /opt/devkitpro/devkitARM/bin/../lib/gcc/arm-none-eabi/11.2.0/../../../../arm-none-eabi/lib/thumb/libg.a(lib_a-categories.o)
 *fill*         0x00000000020141da        0x2 ff
 .rodata.AddDevice.str1.4
                0x00000000020141dc        0x8 /opt/devkitpro/devkitARM/bin/../lib/gcc/arm-none-eabi/11.2.0/../../../../arm-none-eabi/lib/thumb/libsysbase.a(iosupport.o)
 .rodata.dotab_stdnull
                0x00000000020141e4       0x70 /opt/devkitpro/devkitARM/bin/../lib/gcc/arm-none-eabi/11.2.0/../../../../arm-none-eabi/lib/thumb/libsysbase.a(iosupport.o)
                0x00000000020141e4                dotab_stdnull
 *(EXCLUDE_FILE(*.twl*) .gnu.linkonce.r*)
                0x0000000002014254                . = ALIGN (0x4)

.ARM.extab
 *(.ARM.extab* .gnu.linkonce.armextab.*)
                0x0000000002014254                __exidx_start = .

ARM.exidx
 *(.ARM.exidx* .gnu.linkonce.armexidx.*)
                0x0000000002014254                __exidx_end = .
                0x0000000002014254                . = ALIGN (0x4)
                0x0000000002014254                PROVIDE (__preinit_array_start = .)

.preinit_array
 *(.preinit_array)
                0x0000000002014254                PROVIDE (__preinit_array_end = .)
                0x0000000002014254                PROVIDE (__init_array_start = .)

.init_array     0x0000000002014254        0x4
 *(SORT_BY_NAME(.init_array.*))
 *(.init_array)
 .init_array    0x0000000002014254        0x4 /opt/devkitpro/devkitARM/bin/../lib/gcc/arm-none-eabi/11.2.0/thumb/crtbegin.o
                0x0000000002014258                PROVIDE (__init_array_end = .)
                [!provide]                        PROVIDE (__fini_array_start = .)

.fini_array     0x0000000002014258        0x4
 *(.fini_array)
 .fini_array    0x0000000002014258        0x4 /opt/devkitpro/devkitARM/bin/../lib/gcc/arm-none-eabi/11.2.0/thumb/crtbegin.o
 *(SORT_BY_NAME(.fini_array.*))
                [!provide]                        PROVIDE (__fini_array_end = .)

.ctors          0x000000000201425c        0x0
 *crtbegin.o(.ctors)
 *(EXCLUDE_FILE(*crtend.o) .ctors)
 *(SORT_BY_NAME(.ctors.*))
 *(.ctors)
                0x000000000201425c                . = ALIGN (0x4)

.dtors          0x000000000201425c        0x0
 *crtbegin.o(.dtors)
 *(EXCLUDE_FILE(*crtend.o) .dtors)
 *(SORT_BY_NAME(.dtors.*))
 *(.dtors)
                0x000000000201425c                . = ALIGN (0x4)

.eh_frame       0x000000000201425c        0x4
 *(.eh_frame)
 .eh_frame      0x000000000201425c        0x0 /opt/devkitpro/devkitARM/bin/../lib/gcc/arm-none-eabi/11.2.0/thumb/crtbegin.o
 .eh_frame      0x000000000201425c        0x4 /opt/devkitpro/devkitARM/bin/../lib/gcc/arm-none-eabi/11.2.0/thumb/crtend.o
                0x0000000002014260                . = ALIGN (0x4)

.rel.dyn        0x0000000002014260        0x0
 .rel.iplt      0x0000000002014260        0x0 /opt/devkitpro/devkitARM/bin/../lib/gcc/arm-none-eabi/11.2.0/../../../../arm-none-eabi/lib/thumb/ds_arm9_crt0.o

.gcc_except_table
                0x0000000002014260        0x0
 *(.gcc_except_table)
                0x0000000002014260                . = ALIGN (0x4)

.jcr
 *(.jcr)

.got
 *(.got.plt)
 *(.got)
 *(.rel.got)

.ewram          0x0000000002014260        0x0
                0x0000000002014260                __ewram_start = ABSOLUTE (.)
 *(.ewram)
 *ewram.*(.text)
                0x0000000002014260                . = ALIGN (0x4)

.data           0x0000000002014260     0x1ba4
                0x0000000002014260                __data_start = ABSOLUTE (.)
 *(EXCLUDE_FILE(*.twl*) .data)
 .data          0x0000000002014260        0xc main.o
                0x0000000002014260                gap
                0x0000000002014264                space_gap
                0x0000000002014268                birdy
 .data          0x000000000201426c       0x28 /opt/devkitpro/libnds/lib/libnds9.a(mpu_setup.o)
 *(EXCLUDE_FILE(*.twl*) .data.*)
 .data.currentConsole
                0x0000000002014294        0x4 /opt/devkitpro/libnds/lib/libnds9.a(console.o)
                0x0000000002014294                currentConsole
 .data.defaultConsole
                0x0000000002014298       0x5c /opt/devkitpro/libnds/lib/libnds9.a(console.o)
                0x0000000002014298                defaultConsole
 .data.firstConsoleInit.0
                0x00000000020142f4        0x1 /opt/devkitpro/libnds/lib/libnds9.a(console.o)
 *fill*         0x00000000020142f5        0x3 ff
 .data.glGlob   0x00000000020142f8        0x4 /opt/devkitpro/libnds/lib/libnds9.a(videoGL.o)
 .data.count    0x00000000020142fc        0x1 /opt/devkitpro/libnds/lib/libnds9.a(keys.o)
 .data.delay    0x00000000020142fd        0x1 /opt/devkitpro/libnds/lib/libnds9.a(keys.o)
 .data.repeat   0x00000000020142fe        0x1 /opt/devkitpro/libnds/lib/libnds9.a(keys.o)
 *fill*         0x00000000020142ff        0x1 ff
 .data.fifo_buffer_free
                0x0000000002014300        0x4 /opt/devkitpro/libnds/lib/libnds9.a(fifosystem.o)
                0x0000000002014300                fifo_buffer_free
 .data.fifo_freewords
                0x0000000002014304        0x4 /opt/devkitpro/libnds/lib/libnds9.a(fifosystem.o)
                0x0000000002014304                fifo_freewords
 .data.fifo_receive_queue
                0x0000000002014308        0x4 /opt/devkitpro/libnds/lib/libnds9.a(fifosystem.o)
                0x0000000002014308                fifo_receive_queue
 .data.fifo_send_queue
                0x000000000201430c        0x4 /opt/devkitpro/libnds/lib/libnds9.a(fifosystem.o)
                0x000000000201430c                fifo_send_queue
 .data.bgControl
                0x0000000002014310       0x20 /opt/devkitpro/libnds/lib/libnds9.a(background.o)
                0x0000000002014310                bgControl
 .data.bgScrollTable
                0x0000000002014330       0x20 /opt/devkitpro/libnds/lib/libnds9.a(background.o)
                0x0000000002014330                bgScrollTable
 .data.bgTransform
                0x0000000002014350       0x20 /opt/devkitpro/libnds/lib/libnds9.a(background.o)
                0x0000000002014350                bgTransform
 .data.__malloc_av_
                0x0000000002014370      0x408 /opt/devkitpro/devkitARM/bin/../lib/gcc/arm-none-eabi/11.2.0/../../../../arm-none-eabi/lib/thumb/libg.a(lib_a-mallocr.o)
                0x0000000002014370                __malloc_av_
 .data.__malloc_sbrk_base
                0x0000000002014778        0x4 /opt/devkitpro/devkitARM/bin/../lib/gcc/arm-none-eabi/11.2.0/../../../../arm-none-eabi/lib/thumb/libg.a(lib_a-mallocr.o)
                0x0000000002014778                __malloc_sbrk_base
 .data.__malloc_trim_threshold
                0x000000000201477c        0x4 /opt/devkitpro/devkitARM/bin/../lib/gcc/arm-none-eabi/11.2.0/../../../../arm-none-eabi/lib/thumb/libg.a(lib_a-mallocr.o)
                0x000000000201477c                __malloc_trim_threshold
 .data._impure_ptr
                0x0000000002014780        0x4 /opt/devkitpro/devkitARM/bin/../lib/gcc/arm-none-eabi/11.2.0/../../../../arm-none-eabi/lib/thumb/libg.a(lib_a-impure.o)
                0x0000000002014780                _impure_ptr
 *fill*         0x0000000002014784        0x4 ff
 .data.impure_data
                0x0000000002014788      0x460 /opt/devkitpro/devkitARM/bin/../lib/gcc/arm-none-eabi/11.2.0/../../../../arm-none-eabi/lib/thumb/libg.a(lib_a-impure.o)
 .data.__global_locale
                0x0000000002014be8      0x16c /opt/devkitpro/devkitARM/bin/../lib/gcc/arm-none-eabi/11.2.0/../../../../arm-none-eabi/lib/thumb/libg.a(lib_a-locale.o)
                0x0000000002014be8                __global_locale
 .data.devoptab_list
                0x0000000002014d54       0x8c /opt/devkitpro/devkitARM/bin/../lib/gcc/arm-none-eabi/11.2.0/../../../../arm-none-eabi/lib/thumb/libsysbase.a(iosupport.o)
                0x0000000002014d54                devoptab_list
 .data.__stderr_handle
                0x0000000002014de0        0xc /opt/devkitpro/devkitARM/bin/../lib/gcc/arm-none-eabi/11.2.0/../../../../arm-none-eabi/lib/thumb/libsysbase.a(handle_manager.o)
 .data.__stdin_handle
                0x0000000002014dec        0xc /opt/devkitpro/devkitARM/bin/../lib/gcc/arm-none-eabi/11.2.0/../../../../arm-none-eabi/lib/thumb/libsysbase.a(handle_manager.o)
 .data.__stdout_handle
                0x0000000002014df8        0xc /opt/devkitpro/devkitARM/bin/../lib/gcc/arm-none-eabi/11.2.0/../../../../arm-none-eabi/lib/thumb/libsysbase.a(handle_manager.o)
 .data.handles  0x0000000002014e04     0x1000 /opt/devkitpro/devkitARM/bin/../lib/gcc/arm-none-eabi/11.2.0/../../../../arm-none-eabi/lib/thumb/libsysbase.a(handle_manager.o)
 *(EXCLUDE_FILE(*.twl*) .gnu.linkonce.d*)
                0x0000000002015e04                . = ALIGN (0x4)
                0x0000000002015e04                __data_end = ABSOLUTE (.)
                0x0000000002015e04                __bss_vma = .

.igot.plt       0x0000000002015e04        0x0
 .igot.plt      0x0000000002015e04        0x0 /opt/devkitpro/devkitARM/bin/../lib/gcc/arm-none-eabi/11.2.0/../../../../arm-none-eabi/lib/thumb/ds_arm9_crt0.o

.dtcm           0x0000000002ff0000        0x0 load address 0x0000000002015e04
                0x0000000002015e04                __dtcm_lma = LOADADDR (.dtcm)
                0x0000000002ff0000                __dtcm_start = ABSOLUTE (.)
 *(.dtcm)
 *(.dtcm.*)
                0x0000000002ff0000                . = ALIGN (0x4)
                0x0000000002ff0000                __dtcm_end = ABSOLUTE (.)

.itcm           0x0000000001000100      0x194 load address 0x0000000002015e04
                0x0000000002015e04                __itcm_lma = LOADADDR (.itcm)
                0x0000000001000100                __itcm_start = ABSOLUTE (.)
 *(.itcm)
 .itcm          0x0000000001000100       0xc8 /opt/devkitpro/libnds/lib/libnds9.a(interrupts.o)
                0x0000000001000100                irqTable
 .itcm          0x00000000010001c8       0xcc /opt/devkitpro/libnds/lib/libnds9.a(interruptDispatcher.o)
                0x00000000010001c8                IntrMain
 *.itcm*(.text .stub .text.*)
                0x0000000001000294                . = ALIGN (0x4)
                0x0000000001000294                __itcm_end = ABSOLUTE (.)

.vectors        0x0000000001000000        0x0 load address 0x0000000002015f98
                0x0000000002015f98                __vectors_lma = LOADADDR (.vectors)
                0x0000000001000000                __vectors_start = ABSOLUTE (.)
 *(.vectors .vectors.*)
                0x0000000001000000                . = ALIGN (0x4)
                0x0000000001000000                __vectors_end = ABSOLUTE (.)

.sbss           0x0000000002ff0000        0x0
                0x0000000002ff0000                __sbss_start = ABSOLUTE (.)
                0x0000000002ff0000                __sbss_start__ = ABSOLUTE (.)
 *(.sbss)
                0x0000000002ff0000                . = ALIGN (0x4)
                0x0000000002ff0000                __sbss_end = ABSOLUTE (.)

.bss            0x0000000002015e04      0xd10
                0x0000000002015e04                __bss_start = ABSOLUTE (.)
                0x0000000002015e04                __bss_start__ = ABSOLUTE (.)
 *(EXCLUDE_FILE(*.twl*) .dynbss)
 *(EXCLUDE_FILE(*.twl*) .gnu.linkonce.b*)
 *(EXCLUDE_FILE(*.twl*) .bss*)
 .bss.completed.1
                0x0000000002015e04        0x1 /opt/devkitpro/devkitARM/bin/../lib/gcc/arm-none-eabi/11.2.0/thumb/crtbegin.o
 *fill*         0x0000000002015e05        0x3 
 .bss.object.0  0x0000000002015e08       0x18 /opt/devkitpro/devkitARM/bin/../lib/gcc/arm-none-eabi/11.2.0/thumb/crtbegin.o
 .bss           0x0000000002015e20       0x2d main.o
                0x0000000002015e20                frame
                0x0000000002015e24                score
                0x0000000002015e28                pipes
                0x0000000002015e48                birda
                0x0000000002015e4c                ifbirdbad
 *fill*         0x0000000002015e4d        0x3 
 .bss.currentCopy
                0x0000000002015e50       0x5c /opt/devkitpro/libnds/lib/libnds9.a(console.o)
                0x0000000002015e50                currentCopy
 .bss.gCurrentTexture
                0x0000000002015eac        0x4 /opt/devkitpro/libnds/lib/libnds9.a(gl2d.o)
                0x0000000002015eac                gCurrentTexture
 .bss.g_depth   0x0000000002015eb0        0x2 /opt/devkitpro/libnds/lib/libnds9.a(gl2d.o)
 *fill*         0x0000000002015eb2        0x2 
 .bss.diffuse_ambient.1
                0x0000000002015eb4        0x4 /opt/devkitpro/libnds/lib/libnds9.a(videoGL.o)
 .bss.glGlobalData
                0x0000000002015eb8       0x54 /opt/devkitpro/libnds/lib/libnds9.a(videoGL.o)
                0x0000000002015eb8                glGlobalData
 .bss.specular_emission.0
                0x0000000002015f0c        0x4 /opt/devkitpro/libnds/lib/libnds9.a(videoGL.o)
 .bss.keys      0x0000000002015f10        0x2 /opt/devkitpro/libnds/lib/libnds9.a(keys.o)
 .bss.keysold   0x0000000002015f12        0x2 /opt/devkitpro/libnds/lib/libnds9.a(keys.o)
 .bss.keysrepeat
                0x0000000002015f14        0x2 /opt/devkitpro/libnds/lib/libnds9.a(keys.o)
 .bss.__dsimode
                0x0000000002015f16        0x1 /opt/devkitpro/libnds/lib/libnds9.a(initSystem.o)
                0x0000000002015f16                __dsimode
 *fill*         0x0000000002015f17        0x1 
 .bss.punixTime
                0x0000000002015f18        0x4 /opt/devkitpro/libnds/lib/libnds9.a(initSystem.o)
                0x0000000002015f18                punixTime
 .bss.fifo_address_data
                0x0000000002015f1c       0x40 /opt/devkitpro/libnds/lib/libnds9.a(fifosystem.o)
                0x0000000002015f1c                fifo_address_data
 .bss.fifo_address_func
                0x0000000002015f5c       0x40 /opt/devkitpro/libnds/lib/libnds9.a(fifosystem.o)
                0x0000000002015f5c                fifo_address_func
 .bss.fifo_address_queue
                0x0000000002015f9c       0x40 /opt/devkitpro/libnds/lib/libnds9.a(fifosystem.o)
                0x0000000002015f9c                fifo_address_queue
 .bss.fifo_buffer
                0x0000000002015fdc      0x800 /opt/devkitpro/libnds/lib/libnds9.a(fifosystem.o)
                0x0000000002015fdc                fifo_buffer
 .bss.fifo_data_queue
                0x00000000020167dc       0x40 /opt/devkitpro/libnds/lib/libnds9.a(fifosystem.o)
                0x00000000020167dc                fifo_data_queue
 .bss.fifo_datamsg_data
                0x000000000201681c       0x40 /opt/devkitpro/libnds/lib/libnds9.a(fifosystem.o)
                0x000000000201681c                fifo_datamsg_data
 .bss.fifo_datamsg_func
                0x000000000201685c       0x40 /opt/devkitpro/libnds/lib/libnds9.a(fifosystem.o)
                0x000000000201685c                fifo_datamsg_func
 .bss.fifo_value32_data
                0x000000000201689c       0x40 /opt/devkitpro/libnds/lib/libnds9.a(fifosystem.o)
                0x000000000201689c                fifo_value32_data
 .bss.fifo_value32_func
                0x00000000020168dc       0x40 /opt/devkitpro/libnds/lib/libnds9.a(fifosystem.o)
                0x00000000020168dc                fifo_value32_func
 .bss.fifo_value32_queue
                0x000000000201691c       0x40 /opt/devkitpro/libnds/lib/libnds9.a(fifosystem.o)
                0x000000000201691c                fifo_value32_queue
 .bss.processing
                0x000000000201695c        0x4 /opt/devkitpro/libnds/lib/libnds9.a(fifosystem.o)
                0x000000000201695c                processing
 .bss.bgIsTextLut
                0x0000000002016960        0x8 /opt/devkitpro/libnds/lib/libnds9.a(background.o)
                0x0000000002016960                bgIsTextLut
 .bss.bgState   0x0000000002016968      0x140 /opt/devkitpro/libnds/lib/libnds9.a(background.o)
                0x0000000002016968                bgState
 .bss.SDcallback
                0x0000000002016aa8        0x4 /opt/devkitpro/libnds/lib/libnds9.a(system.o)
 .bss.__malloc_current_mallinfo
                0x0000000002016aac       0x28 /opt/devkitpro/devkitARM/bin/../lib/gcc/arm-none-eabi/11.2.0/../../../../arm-none-eabi/lib/thumb/libg.a(lib_a-mallocr.o)
                0x0000000002016aac                __malloc_current_mallinfo
 .bss.__malloc_max_sbrked_mem
                0x0000000002016ad4        0x4 /opt/devkitpro/devkitARM/bin/../lib/gcc/arm-none-eabi/11.2.0/../../../../arm-none-eabi/lib/thumb/libg.a(lib_a-mallocr.o)
                0x0000000002016ad4                __malloc_max_sbrked_mem
 .bss.__malloc_max_total_mem
                0x0000000002016ad8        0x4 /opt/devkitpro/devkitARM/bin/../lib/gcc/arm-none-eabi/11.2.0/../../../../arm-none-eabi/lib/thumb/libg.a(lib_a-mallocr.o)
                0x0000000002016ad8                __malloc_max_total_mem
 .bss.__malloc_top_pad
                0x0000000002016adc        0x4 /opt/devkitpro/devkitARM/bin/../lib/gcc/arm-none-eabi/11.2.0/../../../../arm-none-eabi/lib/thumb/libg.a(lib_a-mallocr.o)
                0x0000000002016adc                __malloc_top_pad
 .bss.__malloc_recursive_mutex
                0x0000000002016ae0        0xc /opt/devkitpro/devkitARM/bin/../lib/gcc/arm-none-eabi/11.2.0/../../../../arm-none-eabi/lib/thumb/libg.a(lib_a-mlock.o)
 .bss.__sfp_recursive_mutex
                0x0000000002016aec        0xc /opt/devkitpro/devkitARM/bin/../lib/gcc/arm-none-eabi/11.2.0/../../../../arm-none-eabi/lib/thumb/libg.a(lib_a-findfp.o)
 .bss.__sinit_recursive_mutex
                0x0000000002016af8        0xc /opt/devkitpro/devkitARM/bin/../lib/gcc/arm-none-eabi/11.2.0/../../../../arm-none-eabi/lib/thumb/libg.a(lib_a-findfp.o)
 .bss.heap_start.0
                0x0000000002016b04        0x4 /opt/devkitpro/devkitARM/bin/../lib/gcc/arm-none-eabi/11.2.0/../../../../arm-none-eabi/lib/thumb/libsysbase.a(sbrk.o)
 .bss.fake_heap_end
                0x0000000002016b08        0x4 /opt/devkitpro/devkitARM/bin/../lib/gcc/arm-none-eabi/11.2.0/../../../../arm-none-eabi/lib/thumb/libsysbase.a(malloc_vars.o)
                0x0000000002016b08                fake_heap_end
 .bss.fake_heap_start
                0x0000000002016b0c        0x4 /opt/devkitpro/devkitARM/bin/../lib/gcc/arm-none-eabi/11.2.0/../../../../arm-none-eabi/lib/thumb/libsysbase.a(malloc_vars.o)
                0x0000000002016b0c                fake_heap_start
 .bss.__hndl_lock
                0x0000000002016b10        0x4 /opt/devkitpro/devkitARM/bin/../lib/gcc/arm-none-eabi/11.2.0/../../../../arm-none-eabi/lib/thumb/libsysbase.a(handle_manager.o)
 *(EXCLUDE_FILE(*.twl*) COMMON)
                0x0000000002016b14                . = ALIGN (0x4)
                0x0000000002016b14                __bss_end__ = ABSOLUTE (.)
                0x0000000002016b14                __end__ = ABSOLUTE (.)

.twl            0x0000000002016b14        0x0 load address 0x0000000002400000
                0x0000000002400000                __arm9i_lma__ = LOADADDR (.twl)
                0x0000000002016b14                __arm9i_start__ = ABSOLUTE (.)
 *(.twl)
 *.twl*(.text .stub .text.* .gnu.linkonce.t.*)
 *.twl*(.rodata)
 *.twl*(.roda)
 *.twl*(.rodata.*)
 *.twl*(.data)
 *.twl*(.data.*)
 *.twl*(.gnu.linkonce.d*)
                0x0000000002016b14                __arm9i_end__ = ABSOLUTE (.)

.twl_bss        0x0000000002016b14        0x0
                0x0000000002016b14                __twl_bss_start__ = ABSOLUTE (.)
 *(.twl_bss)
 *.twl*(.dynbss)
 *.twl*(.gnu.linkonce.b*)
 *.twl*(.bss*)
 *.twl*(COMMON)
                0x0000000002016b14                . = ALIGN (0x4)
                0x0000000002016b14                __twl_bss_end__ = ABSOLUTE (.)
                0x0000000002016b14                __twl_end__ = ABSOLUTE (.)

.stab
 *(.stab)

.stabstr
 *(.stabstr)

.stab.excl
 *(.stab.excl)

.stab.exclstr
 *(.stab.exclstr)

.stab.index
 *(.stab.index)

.stab.indexstr
 *(.stab.indexstr)

.comment        0x0000000000000000       0x23
 *(.comment)
 .comment       0x0000000000000000       0x23 /opt/devkitpro/devkitARM/bin/../lib/gcc/arm-none-eabi/11.2.0/thumb/crtbegin.o
                                         0x24 (size before relaxing)
 .comment       0x0000000000000023       0x24 main.o
 .comment       0x0000000000000023       0x24 /opt/devkitpro/libnds/lib/libnds9.a(console.o)
 .comment       0x0000000000000023       0x24 /opt/devkitpro/libnds/lib/libnds9.a(gl2d.o)
 .comment       0x0000000000000023       0x24 /opt/devkitpro/libnds/lib/libnds9.a(videoGL.o)
 .comment       0x0000000000000023       0x24 /opt/devkitpro/libnds/lib/libnds9.a(keys.o)
 .comment       0x0000000000000023       0x24 /opt/devkitpro/libnds/lib/libnds9.a(initSystem.o)
 .comment       0x0000000000000023       0x24 /opt/devkitpro/libnds/lib/libnds9.a(securearea.o)
 .comment       0x0000000000000023       0x24 /opt/devkitpro/libnds/lib/libnds9.a(interrupts.o)
 .comment       0x0000000000000023       0x24 /opt/devkitpro/libnds/lib/libnds9.a(libnds_exit.arm.o)
 .comment       0x0000000000000023       0x24 /opt/devkitpro/libnds/lib/libnds9.a(fifosystem.o)
 .comment       0x0000000000000023       0x24 /opt/devkitpro/libnds/lib/libnds9.a(background.o)
 .comment       0x0000000000000023       0x24 /opt/devkitpro/libnds/lib/libnds9.a(dynamicArray.o)
 .comment       0x0000000000000023       0x24 /opt/devkitpro/libnds/lib/libnds9.a(trig.o)
 .comment       0x0000000000000023       0x24 /opt/devkitpro/libnds/lib/libnds9.a(video.o)
 .comment       0x0000000000000023       0x24 /opt/devkitpro/libnds/lib/libnds9.a(system.o)
 .comment       0x0000000000000023       0x24 /opt/devkitpro/devkitARM/bin/../lib/gcc/arm-none-eabi/11.2.0/thumb/libgcc.a(_muldi3.o)
 .comment       0x0000000000000023       0x24 /opt/devkitpro/devkitARM/bin/../lib/gcc/arm-none-eabi/11.2.0/../../../../arm-none-eabi/lib/thumb/libg.a(lib_a-calloc.o)
 .comment       0x0000000000000023       0x24 /opt/devkitpro/devkitARM/bin/../lib/gcc/arm-none-eabi/11.2.0/../../../../arm-none-eabi/lib/thumb/libg.a(lib_a-callocr.o)
 .comment       0x0000000000000023       0x24 /opt/devkitpro/devkitARM/bin/../lib/gcc/arm-none-eabi/11.2.0/../../../../arm-none-eabi/lib/thumb/libg.a(lib_a-errno.o)
 .comment       0x0000000000000023       0x24 /opt/devkitpro/devkitARM/bin/../lib/gcc/arm-none-eabi/11.2.0/../../../../arm-none-eabi/lib/thumb/libg.a(lib_a-init.o)
 .comment       0x0000000000000023       0x24 /opt/devkitpro/devkitARM/bin/../lib/gcc/arm-none-eabi/11.2.0/../../../../arm-none-eabi/lib/thumb/libg.a(lib_a-iprintf.o)
 .comment       0x0000000000000023       0x24 /opt/devkitpro/devkitARM/bin/../lib/gcc/arm-none-eabi/11.2.0/../../../../arm-none-eabi/lib/thumb/libg.a(lib_a-malloc.o)
 .comment       0x0000000000000023       0x24 /opt/devkitpro/devkitARM/bin/../lib/gcc/arm-none-eabi/11.2.0/../../../../arm-none-eabi/lib/thumb/libg.a(lib_a-mallocr.o)
 .comment       0x0000000000000023       0x24 /opt/devkitpro/devkitARM/bin/../lib/gcc/arm-none-eabi/11.2.0/../../../../arm-none-eabi/lib/thumb/libg.a(lib_a-memcpy-stub.o)
 .comment       0x0000000000000023       0x24 /opt/devkitpro/devkitARM/bin/../lib/gcc/arm-none-eabi/11.2.0/../../../../arm-none-eabi/lib/thumb/libg.a(lib_a-memset.o)
 .comment       0x0000000000000023       0x24 /opt/devkitpro/devkitARM/bin/../lib/gcc/arm-none-eabi/11.2.0/../../../../arm-none-eabi/lib/thumb/libg.a(lib_a-mlock.o)
 .comment       0x0000000000000023       0x24 /opt/devkitpro/devkitARM/bin/../lib/gcc/arm-none-eabi/11.2.0/../../../../arm-none-eabi/lib/thumb/libg.a(lib_a-rand.o)
 .comment       0x0000000000000023       0x24 /opt/devkitpro/devkitARM/bin/../lib/gcc/arm-none-eabi/11.2.0/../../../../arm-none-eabi/lib/thumb/libg.a(lib_a-realloc.o)
 .comment       0x0000000000000023       0x24 /opt/devkitpro/devkitARM/bin/../lib/gcc/arm-none-eabi/11.2.0/../../../../arm-none-eabi/lib/thumb/libg.a(lib_a-reallocr.o)
 .comment       0x0000000000000023       0x24 /opt/devkitpro/devkitARM/bin/../lib/gcc/arm-none-eabi/11.2.0/../../../../arm-none-eabi/lib/thumb/libg.a(lib_a-setvbuf.o)
 .comment       0x0000000000000023       0x24 /opt/devkitpro/devkitARM/bin/../lib/gcc/arm-none-eabi/11.2.0/../../../../arm-none-eabi/lib/thumb/libg.a(lib_a-siscanf.o)
 .comment       0x0000000000000023       0x24 /opt/devkitpro/devkitARM/bin/../lib/gcc/arm-none-eabi/11.2.0/../../../../arm-none-eabi/lib/thumb/libg.a(lib_a-stdio.o)
 .comment       0x0000000000000023       0x24 /opt/devkitpro/devkitARM/bin/../lib/gcc/arm-none-eabi/11.2.0/../../../../arm-none-eabi/lib/thumb/libg.a(lib_a-strlen-stub.o)
 .comment       0x0000000000000023       0x24 /opt/devkitpro/devkitARM/bin/../lib/gcc/arm-none-eabi/11.2.0/../../../../arm-none-eabi/lib/thumb/libg.a(lib_a-svfiscanf.o)
 .comment       0x0000000000000023       0x24 /opt/devkitpro/devkitARM/bin/../lib/gcc/arm-none-eabi/11.2.0/../../../../arm-none-eabi/lib/thumb/libg.a(lib_a-ungetc.o)
 .comment       0x0000000000000023       0x24 /opt/devkitpro/devkitARM/bin/../lib/gcc/arm-none-eabi/11.2.0/../../../../arm-none-eabi/lib/thumb/libg.a(lib_a-vfiprintf.o)
 .comment       0x0000000000000023       0x24 /opt/devkitpro/devkitARM/bin/../lib/gcc/arm-none-eabi/11.2.0/../../../../arm-none-eabi/lib/thumb/libg.a(lib_a-wcrtomb.o)
 .comment       0x0000000000000023       0x24 /opt/devkitpro/devkitARM/bin/../lib/gcc/arm-none-eabi/11.2.0/../../../../arm-none-eabi/lib/thumb/libg.a(lib_a-wcsrtombs.o)
 .comment       0x0000000000000023       0x24 /opt/devkitpro/devkitARM/bin/../lib/gcc/arm-none-eabi/11.2.0/../../../../arm-none-eabi/lib/thumb/libg.a(lib_a-wsetup.o)
 .comment       0x0000000000000023       0x24 /opt/devkitpro/devkitARM/bin/../lib/gcc/arm-none-eabi/11.2.0/../../../../arm-none-eabi/lib/thumb/libg.a(lib_a-ctype_.o)
 .comment       0x0000000000000023       0x24 /opt/devkitpro/devkitARM/bin/../lib/gcc/arm-none-eabi/11.2.0/../../../../arm-none-eabi/lib/thumb/libg.a(lib_a-fflush.o)
 .comment       0x0000000000000023       0x24 /opt/devkitpro/devkitARM/bin/../lib/gcc/arm-none-eabi/11.2.0/../../../../arm-none-eabi/lib/thumb/libg.a(lib_a-findfp.o)
 .comment       0x0000000000000023       0x24 /opt/devkitpro/devkitARM/bin/../lib/gcc/arm-none-eabi/11.2.0/../../../../arm-none-eabi/lib/thumb/libg.a(lib_a-freer.o)
 .comment       0x0000000000000023       0x24 /opt/devkitpro/devkitARM/bin/../lib/gcc/arm-none-eabi/11.2.0/../../../../arm-none-eabi/lib/thumb/libg.a(lib_a-fvwrite.o)
 .comment       0x0000000000000023       0x24 /opt/devkitpro/devkitARM/bin/../lib/gcc/arm-none-eabi/11.2.0/../../../../arm-none-eabi/lib/thumb/libg.a(lib_a-fwalk.o)
 .comment       0x0000000000000023       0x24 /opt/devkitpro/devkitARM/bin/../lib/gcc/arm-none-eabi/11.2.0/../../../../arm-none-eabi/lib/thumb/libg.a(lib_a-impure.o)
 .comment       0x0000000000000023       0x24 /opt/devkitpro/devkitARM/bin/../lib/gcc/arm-none-eabi/11.2.0/../../../../arm-none-eabi/lib/thumb/libg.a(lib_a-iswspace.o)
 .comment       0x0000000000000023       0x24 /opt/devkitpro/devkitARM/bin/../lib/gcc/arm-none-eabi/11.2.0/../../../../arm-none-eabi/lib/thumb/libg.a(lib_a-localeconv.o)
 .comment       0x0000000000000023       0x24 /opt/devkitpro/devkitARM/bin/../lib/gcc/arm-none-eabi/11.2.0/../../../../arm-none-eabi/lib/thumb/libg.a(lib_a-locale.o)
 .comment       0x0000000000000023       0x24 /opt/devkitpro/devkitARM/bin/../lib/gcc/arm-none-eabi/11.2.0/../../../../arm-none-eabi/lib/thumb/libg.a(lib_a-makebuf.o)
 .comment       0x0000000000000023       0x24 /opt/devkitpro/devkitARM/bin/../lib/gcc/arm-none-eabi/11.2.0/../../../../arm-none-eabi/lib/thumb/libg.a(lib_a-mbrtowc.o)
 .comment       0x0000000000000023       0x24 /opt/devkitpro/devkitARM/bin/../lib/gcc/arm-none-eabi/11.2.0/../../../../arm-none-eabi/lib/thumb/libg.a(lib_a-mbtowc_r.o)
 .comment       0x0000000000000023       0x24 /opt/devkitpro/devkitARM/bin/../lib/gcc/arm-none-eabi/11.2.0/../../../../arm-none-eabi/lib/thumb/libg.a(lib_a-memchr-stub.o)
 .comment       0x0000000000000023       0x24 /opt/devkitpro/devkitARM/bin/../lib/gcc/arm-none-eabi/11.2.0/../../../../arm-none-eabi/lib/thumb/libg.a(lib_a-memmove.o)
 .comment       0x0000000000000023       0x24 /opt/devkitpro/devkitARM/bin/../lib/gcc/arm-none-eabi/11.2.0/../../../../arm-none-eabi/lib/thumb/libg.a(lib_a-sccl.o)
 .comment       0x0000000000000023       0x24 /opt/devkitpro/devkitARM/bin/../lib/gcc/arm-none-eabi/11.2.0/../../../../arm-none-eabi/lib/thumb/libg.a(lib_a-strncpy.o)
 .comment       0x0000000000000023       0x24 /opt/devkitpro/devkitARM/bin/../lib/gcc/arm-none-eabi/11.2.0/../../../../arm-none-eabi/lib/thumb/libg.a(lib_a-strtoll.o)
 .comment       0x0000000000000023       0x24 /opt/devkitpro/devkitARM/bin/../lib/gcc/arm-none-eabi/11.2.0/../../../../arm-none-eabi/lib/thumb/libg.a(lib_a-strtol.o)
 .comment       0x0000000000000023       0x24 /opt/devkitpro/devkitARM/bin/../lib/gcc/arm-none-eabi/11.2.0/../../../../arm-none-eabi/lib/thumb/libg.a(lib_a-strtoull.o)
 .comment       0x0000000000000023       0x24 /opt/devkitpro/devkitARM/bin/../lib/gcc/arm-none-eabi/11.2.0/../../../../arm-none-eabi/lib/thumb/libg.a(lib_a-strtoul.o)
 .comment       0x0000000000000023       0x24 /opt/devkitpro/devkitARM/bin/../lib/gcc/arm-none-eabi/11.2.0/../../../../arm-none-eabi/lib/thumb/libg.a(lib_a-svfiprintf.o)
 .comment       0x0000000000000023       0x24 /opt/devkitpro/devkitARM/bin/../lib/gcc/arm-none-eabi/11.2.0/../../../../arm-none-eabi/lib/thumb/libg.a(lib_a-wcsnrtombs.o)
 .comment       0x0000000000000023       0x24 /opt/devkitpro/devkitARM/bin/../lib/gcc/arm-none-eabi/11.2.0/../../../../arm-none-eabi/lib/thumb/libg.a(lib_a-wctomb_r.o)
 .comment       0x0000000000000023       0x24 /opt/devkitpro/devkitARM/bin/../lib/gcc/arm-none-eabi/11.2.0/../../../../arm-none-eabi/lib/thumb/libg.a(lib_a-fclose.o)
 .comment       0x0000000000000023       0x24 /opt/devkitpro/devkitARM/bin/../lib/gcc/arm-none-eabi/11.2.0/../../../../arm-none-eabi/lib/thumb/libg.a(lib_a-iswspace_l.o)
 .comment       0x0000000000000023       0x24 /opt/devkitpro/devkitARM/bin/../lib/gcc/arm-none-eabi/11.2.0/../../../../arm-none-eabi/lib/thumb/libg.a(lib_a-jp2uc.o)
 .comment       0x0000000000000023       0x24 /opt/devkitpro/devkitARM/bin/../lib/gcc/arm-none-eabi/11.2.0/../../../../arm-none-eabi/lib/thumb/libg.a(lib_a-categories.o)
 .comment       0x0000000000000023       0x24 /opt/devkitpro/devkitARM/bin/../lib/gcc/arm-none-eabi/11.2.0/../../../../arm-none-eabi/lib/thumb/libsysbase.a(iosupport.o)
 .comment       0x0000000000000023       0x24 /opt/devkitpro/devkitARM/bin/../lib/gcc/arm-none-eabi/11.2.0/../../../../arm-none-eabi/lib/thumb/libsysbase.a(fstat.o)
 .comment       0x0000000000000023       0x24 /opt/devkitpro/devkitARM/bin/../lib/gcc/arm-none-eabi/11.2.0/../../../../arm-none-eabi/lib/thumb/libsysbase.a(isatty.o)
 .comment       0x0000000000000023       0x24 /opt/devkitpro/devkitARM/bin/../lib/gcc/arm-none-eabi/11.2.0/../../../../arm-none-eabi/lib/thumb/libsysbase.a(lseek.o)
 .comment       0x0000000000000023       0x24 /opt/devkitpro/devkitARM/bin/../lib/gcc/arm-none-eabi/11.2.0/../../../../arm-none-eabi/lib/thumb/libsysbase.a(read.o)
 .comment       0x0000000000000023       0x24 /opt/devkitpro/devkitARM/bin/../lib/gcc/arm-none-eabi/11.2.0/../../../../arm-none-eabi/lib/thumb/libsysbase.a(sbrk.o)
 .comment       0x0000000000000023       0x24 /opt/devkitpro/devkitARM/bin/../lib/gcc/arm-none-eabi/11.2.0/../../../../arm-none-eabi/lib/thumb/libsysbase.a(write.o)
 .comment       0x0000000000000023       0x24 /opt/devkitpro/devkitARM/bin/../lib/gcc/arm-none-eabi/11.2.0/../../../../arm-none-eabi/lib/thumb/libsysbase.a(malloc_vars.o)
 .comment       0x0000000000000023       0x24 /opt/devkitpro/devkitARM/bin/../lib/gcc/arm-none-eabi/11.2.0/../../../../arm-none-eabi/lib/thumb/libsysbase.a(build_argv.o)
 .comment       0x0000000000000023       0x24 /opt/devkitpro/devkitARM/bin/../lib/gcc/arm-none-eabi/11.2.0/../../../../arm-none-eabi/lib/thumb/libsysbase.a(flock.o)
 .comment       0x0000000000000023       0x24 /opt/devkitpro/devkitARM/bin/../lib/gcc/arm-none-eabi/11.2.0/../../../../arm-none-eabi/lib/thumb/libsysbase.a(handle_manager.o)
 .comment       0x0000000000000023       0x24 /opt/devkitpro/devkitARM/bin/../lib/gcc/arm-none-eabi/11.2.0/../../../../arm-none-eabi/lib/thumb/libsysbase.a(getreent.o)
 .comment       0x0000000000000023       0x24 /opt/devkitpro/devkitARM/bin/../lib/gcc/arm-none-eabi/11.2.0/../../../../arm-none-eabi/lib/thumb/libsysbase.a(syscall_support.o)
 .comment       0x0000000000000023       0x24 /opt/devkitpro/devkitARM/bin/../lib/gcc/arm-none-eabi/11.2.0/thumb/libgcc.a(_udivmoddi4.o)
 .comment       0x0000000000000023       0x24 /opt/devkitpro/devkitARM/bin/../lib/gcc/arm-none-eabi/11.2.0/thumb/crtend.o

.ARM.attributes
                0x0000000000000000       0x2d
 .ARM.attributes
                0x0000000000000000       0x21 /opt/devkitpro/devkitARM/bin/../lib/gcc/arm-none-eabi/11.2.0/../../../../arm-none-eabi/lib/thumb/ds_arm9_crt0.o
 .ARM.attributes
                0x0000000000000021       0x1c /opt/devkitpro/devkitARM/bin/../lib/gcc/arm-none-eabi/11.2.0/thumb/crti.o
 .ARM.attributes
                0x000000000000003d       0x2a /opt/devkitpro/devkitARM/bin/../lib/gcc/arm-none-eabi/11.2.0/thumb/crtbegin.o
 .ARM.attributes
                0x0000000000000067       0x27 main.o
 .ARM.attributes
                0x000000000000008e       0x2b /opt/devkitpro/libnds/lib/libnds9.a(console.o)
 .ARM.attributes
                0x00000000000000b9       0x2b /opt/devkitpro/libnds/lib/libnds9.a(gl2d.o)
 .ARM.attributes
                0x00000000000000e4       0x2b /opt/devkitpro/libnds/lib/libnds9.a(videoGL.o)
 .ARM.attributes
                0x000000000000010f       0x2b /opt/devkitpro/libnds/lib/libnds9.a(keys.o)
 .ARM.attributes
                0x000000000000013a       0x2b /opt/devkitpro/libnds/lib/libnds9.a(initSystem.o)
 .ARM.attributes
                0x0000000000000165       0x2b /opt/devkitpro/libnds/lib/libnds9.a(securearea.o)
 .ARM.attributes
                0x0000000000000190       0x2b /opt/devkitpro/libnds/lib/libnds9.a(interrupts.o)
 .ARM.attributes
                0x00000000000001bb       0x2b /opt/devkitpro/libnds/lib/libnds9.a(libnds_exit.arm.o)
 .ARM.attributes
                0x00000000000001e6       0x2b /opt/devkitpro/libnds/lib/libnds9.a(fifosystem.o)
 .ARM.attributes
                0x0000000000000211       0x21 /opt/devkitpro/libnds/lib/libnds9.a(mpu_setup.o)
 .ARM.attributes
                0x0000000000000232       0x21 /opt/devkitpro/libnds/lib/libnds9.a(IntrWait.o)
 .ARM.attributes
                0x0000000000000253       0x21 /opt/devkitpro/libnds/lib/libnds9.a(cpu_clock.o)
 .ARM.attributes
                0x0000000000000274       0x1b /opt/devkitpro/libnds/lib/libnds9.a(interruptDispatcher.o)
 .ARM.attributes
                0x000000000000028f       0x1b /opt/devkitpro/libnds/lib/libnds9.a(biosCalls.o)
 .ARM.attributes
                0x00000000000002aa       0x21 /opt/devkitpro/libnds/lib/libnds9.a(swiSoftReset.o)
 .ARM.attributes
                0x00000000000002cb       0x14 /opt/devkitpro/libnds/lib/libnds9.a(default_font.bin.o)
 .ARM.attributes
                0x00000000000002df       0x2b /opt/devkitpro/libnds/lib/libnds9.a(background.o)
 .ARM.attributes
                0x000000000000030a       0x2b /opt/devkitpro/libnds/lib/libnds9.a(dynamicArray.o)
 .ARM.attributes
                0x0000000000000335       0x2b /opt/devkitpro/libnds/lib/libnds9.a(trig.o)
 .ARM.attributes
                0x0000000000000360       0x2b /opt/devkitpro/libnds/lib/libnds9.a(video.o)
 .ARM.attributes
                0x000000000000038b       0x2b /opt/devkitpro/libnds/lib/libnds9.a(system.o)
 .ARM.attributes
                0x00000000000003b6       0x1c /opt/devkitpro/devkitARM/bin/../lib/gcc/arm-none-eabi/11.2.0/thumb/libgcc.a(_divsi3.o)
 .ARM.attributes
                0x00000000000003d2       0x1c /opt/devkitpro/devkitARM/bin/../lib/gcc/arm-none-eabi/11.2.0/thumb/libgcc.a(_dvmd_tls.o)
 .ARM.attributes
                0x00000000000003ee       0x1c /opt/devkitpro/devkitARM/bin/../lib/gcc/arm-none-eabi/11.2.0/thumb/libgcc.a(_arm_addsubdf3.o)
 .ARM.attributes
                0x000000000000040a       0x1c /opt/devkitpro/devkitARM/bin/../lib/gcc/arm-none-eabi/11.2.0/thumb/libgcc.a(_arm_truncdfsf2.o)
 .ARM.attributes
                0x0000000000000426       0x1c /opt/devkitpro/devkitARM/bin/../lib/gcc/arm-none-eabi/11.2.0/thumb/libgcc.a(_arm_addsubsf3.o)
 .ARM.attributes
                0x0000000000000442       0x1c /opt/devkitpro/devkitARM/bin/../lib/gcc/arm-none-eabi/11.2.0/thumb/libgcc.a(_arm_cmpsf2.o)
 .ARM.attributes
                0x000000000000045e       0x1c /opt/devkitpro/devkitARM/bin/../lib/gcc/arm-none-eabi/11.2.0/thumb/libgcc.a(_arm_fixsfsi.o)
 .ARM.attributes
                0x000000000000047a       0x2a /opt/devkitpro/devkitARM/bin/../lib/gcc/arm-none-eabi/11.2.0/thumb/libgcc.a(_muldi3.o)
 .ARM.attributes
                0x00000000000004a4       0x2a /opt/devkitpro/devkitARM/bin/../lib/gcc/arm-none-eabi/11.2.0/../../../../arm-none-eabi/lib/thumb/libg.a(lib_a-calloc.o)
 .ARM.attributes
                0x00000000000004ce       0x2a /opt/devkitpro/devkitARM/bin/../lib/gcc/arm-none-eabi/11.2.0/../../../../arm-none-eabi/lib/thumb/libg.a(lib_a-callocr.o)
 .ARM.attributes
                0x00000000000004f8       0x2a /opt/devkitpro/devkitARM/bin/../lib/gcc/arm-none-eabi/11.2.0/../../../../arm-none-eabi/lib/thumb/libg.a(lib_a-errno.o)
 .ARM.attributes
                0x0000000000000522       0x2a /opt/devkitpro/devkitARM/bin/../lib/gcc/arm-none-eabi/11.2.0/../../../../arm-none-eabi/lib/thumb/libg.a(lib_a-init.o)
 .ARM.attributes
                0x000000000000054c       0x2a /opt/devkitpro/devkitARM/bin/../lib/gcc/arm-none-eabi/11.2.0/../../../../arm-none-eabi/lib/thumb/libg.a(lib_a-iprintf.o)
 .ARM.attributes
                0x0000000000000576       0x2a /opt/devkitpro/devkitARM/bin/../lib/gcc/arm-none-eabi/11.2.0/../../../../arm-none-eabi/lib/thumb/libg.a(lib_a-malloc.o)
 .ARM.attributes
                0x00000000000005a0       0x2a /opt/devkitpro/devkitARM/bin/../lib/gcc/arm-none-eabi/11.2.0/../../../../arm-none-eabi/lib/thumb/libg.a(lib_a-mallocr.o)
 .ARM.attributes
                0x00000000000005ca       0x2a /opt/devkitpro/devkitARM/bin/../lib/gcc/arm-none-eabi/11.2.0/../../../../arm-none-eabi/lib/thumb/libg.a(lib_a-memcpy-stub.o)
 .ARM.attributes
                0x00000000000005f4       0x2a /opt/devkitpro/devkitARM/bin/../lib/gcc/arm-none-eabi/11.2.0/../../../../arm-none-eabi/lib/thumb/libg.a(lib_a-memset.o)
 .ARM.attributes
                0x000000000000061e       0x2a /opt/devkitpro/devkitARM/bin/../lib/gcc/arm-none-eabi/11.2.0/../../../../arm-none-eabi/lib/thumb/libg.a(lib_a-mlock.o)
 .ARM.attributes
                0x0000000000000648       0x2a /opt/devkitpro/devkitARM/bin/../lib/gcc/arm-none-eabi/11.2.0/../../../../arm-none-eabi/lib/thumb/libg.a(lib_a-rand.o)
 .ARM.attributes
                0x0000000000000672       0x2a /opt/devkitpro/devkitARM/bin/../lib/gcc/arm-none-eabi/11.2.0/../../../../arm-none-eabi/lib/thumb/libg.a(lib_a-realloc.o)
 .ARM.attributes
                0x000000000000069c       0x2a /opt/devkitpro/devkitARM/bin/../lib/gcc/arm-none-eabi/11.2.0/../../../../arm-none-eabi/lib/thumb/libg.a(lib_a-reallocr.o)
 .ARM.attributes
                0x00000000000006c6       0x2a /opt/devkitpro/devkitARM/bin/../lib/gcc/arm-none-eabi/11.2.0/../../../../arm-none-eabi/lib/thumb/libg.a(lib_a-setvbuf.o)
 .ARM.attributes
                0x00000000000006f0       0x2a /opt/devkitpro/devkitARM/bin/../lib/gcc/arm-none-eabi/11.2.0/../../../../arm-none-eabi/lib/thumb/libg.a(lib_a-siscanf.o)
 .ARM.attributes
                0x000000000000071a       0x2a /opt/devkitpro/devkitARM/bin/../lib/gcc/arm-none-eabi/11.2.0/../../../../arm-none-eabi/lib/thumb/libg.a(lib_a-stdio.o)
 .ARM.attributes
                0x0000000000000744       0x2a /opt/devkitpro/devkitARM/bin/../lib/gcc/arm-none-eabi/11.2.0/../../../../arm-none-eabi/lib/thumb/libg.a(lib_a-strlen-stub.o)
 .ARM.attributes
                0x000000000000076e       0x2a /opt/devkitpro/devkitARM/bin/../lib/gcc/arm-none-eabi/11.2.0/../../../../arm-none-eabi/lib/thumb/libg.a(lib_a-svfiscanf.o)
 .ARM.attributes
                0x0000000000000798       0x2a /opt/devkitpro/devkitARM/bin/../lib/gcc/arm-none-eabi/11.2.0/../../../../arm-none-eabi/lib/thumb/libg.a(lib_a-ungetc.o)
 .ARM.attributes
                0x00000000000007c2       0x2a /opt/devkitpro/devkitARM/bin/../lib/gcc/arm-none-eabi/11.2.0/../../../../arm-none-eabi/lib/thumb/libg.a(lib_a-vfiprintf.o)
 .ARM.attributes
                0x00000000000007ec       0x2a /opt/devkitpro/devkitARM/bin/../lib/gcc/arm-none-eabi/11.2.0/../../../../arm-none-eabi/lib/thumb/libg.a(lib_a-wcrtomb.o)
 .ARM.attributes
                0x0000000000000816       0x2a /opt/devkitpro/devkitARM/bin/../lib/gcc/arm-none-eabi/11.2.0/../../../../arm-none-eabi/lib/thumb/libg.a(lib_a-wcsrtombs.o)
 .ARM.attributes
                0x0000000000000840       0x2a /opt/devkitpro/devkitARM/bin/../lib/gcc/arm-none-eabi/11.2.0/../../../../arm-none-eabi/lib/thumb/libg.a(lib_a-wsetup.o)
 .ARM.attributes
                0x000000000000086a       0x2a /opt/devkitpro/devkitARM/bin/../lib/gcc/arm-none-eabi/11.2.0/../../../../arm-none-eabi/lib/thumb/libg.a(lib_a-ctype_.o)
 .ARM.attributes
                0x0000000000000894       0x2a /opt/devkitpro/devkitARM/bin/../lib/gcc/arm-none-eabi/11.2.0/../../../../arm-none-eabi/lib/thumb/libg.a(lib_a-fflush.o)
 .ARM.attributes
                0x00000000000008be       0x2a /opt/devkitpro/devkitARM/bin/../lib/gcc/arm-none-eabi/11.2.0/../../../../arm-none-eabi/lib/thumb/libg.a(lib_a-findfp.o)
 .ARM.attributes
                0x00000000000008e8       0x2a /opt/devkitpro/devkitARM/bin/../lib/gcc/arm-none-eabi/11.2.0/../../../../arm-none-eabi/lib/thumb/libg.a(lib_a-freer.o)
 .ARM.attributes
                0x0000000000000912       0x2a /opt/devkitpro/devkitARM/bin/../lib/gcc/arm-none-eabi/11.2.0/../../../../arm-none-eabi/lib/thumb/libg.a(lib_a-fvwrite.o)
 .ARM.attributes
                0x000000000000093c       0x2a /opt/devkitpro/devkitARM/bin/../lib/gcc/arm-none-eabi/11.2.0/../../../../arm-none-eabi/lib/thumb/libg.a(lib_a-fwalk.o)
 .ARM.attributes
                0x0000000000000966       0x30 /opt/devkitpro/devkitARM/bin/../lib/gcc/arm-none-eabi/11.2.0/../../../../arm-none-eabi/lib/thumb/libg.a(lib_a-impure.o)
 .ARM.attributes
                0x0000000000000996       0x2a /opt/devkitpro/devkitARM/bin/../lib/gcc/arm-none-eabi/11.2.0/../../../../arm-none-eabi/lib/thumb/libg.a(lib_a-iswspace.o)
 .ARM.attributes
                0x00000000000009c0       0x2a /opt/devkitpro/devkitARM/bin/../lib/gcc/arm-none-eabi/11.2.0/../../../../arm-none-eabi/lib/thumb/libg.a(lib_a-localeconv.o)
 .ARM.attributes
                0x00000000000009ea       0x2a /opt/devkitpro/devkitARM/bin/../lib/gcc/arm-none-eabi/11.2.0/../../../../arm-none-eabi/lib/thumb/libg.a(lib_a-locale.o)
 .ARM.attributes
                0x0000000000000a14       0x2a /opt/devkitpro/devkitARM/bin/../lib/gcc/arm-none-eabi/11.2.0/../../../../arm-none-eabi/lib/thumb/libg.a(lib_a-makebuf.o)
 .ARM.attributes
                0x0000000000000a3e       0x2a /opt/devkitpro/devkitARM/bin/../lib/gcc/arm-none-eabi/11.2.0/../../../../arm-none-eabi/lib/thumb/libg.a(lib_a-mbrtowc.o)
 .ARM.attributes
                0x0000000000000a68       0x2a /opt/devkitpro/devkitARM/bin/../lib/gcc/arm-none-eabi/11.2.0/../../../../arm-none-eabi/lib/thumb/libg.a(lib_a-mbtowc_r.o)
 .ARM.attributes
                0x0000000000000a92       0x2a /opt/devkitpro/devkitARM/bin/../lib/gcc/arm-none-eabi/11.2.0/../../../../arm-none-eabi/lib/thumb/libg.a(lib_a-memchr-stub.o)
 .ARM.attributes
                0x0000000000000abc       0x2a /opt/devkitpro/devkitARM/bin/../lib/gcc/arm-none-eabi/11.2.0/../../../../arm-none-eabi/lib/thumb/libg.a(lib_a-memmove.o)
 .ARM.attributes
                0x0000000000000ae6       0x2a /opt/devkitpro/devkitARM/bin/../lib/gcc/arm-none-eabi/11.2.0/../../../../arm-none-eabi/lib/thumb/libg.a(lib_a-sccl.o)
 .ARM.attributes
                0x0000000000000b10       0x1a /opt/devkitpro/devkitARM/bin/../lib/gcc/arm-none-eabi/11.2.0/../../../../arm-none-eabi/lib/thumb/libg.a(lib_a-strcmp.o)
 .ARM.attributes
                0x0000000000000b2a       0x2a /opt/devkitpro/devkitARM/bin/../lib/gcc/arm-none-eabi/11.2.0/../../../../arm-none-eabi/lib/thumb/libg.a(lib_a-strncpy.o)
 .ARM.attributes
                0x0000000000000b54       0x2a /opt/devkitpro/devkitARM/bin/../lib/gcc/arm-none-eabi/11.2.0/../../../../arm-none-eabi/lib/thumb/libg.a(lib_a-strtoll.o)
 .ARM.attributes
                0x0000000000000b7e       0x2a /opt/devkitpro/devkitARM/bin/../lib/gcc/arm-none-eabi/11.2.0/../../../../arm-none-eabi/lib/thumb/libg.a(lib_a-strtol.o)
 .ARM.attributes
                0x0000000000000ba8       0x2a /opt/devkitpro/devkitARM/bin/../lib/gcc/arm-none-eabi/11.2.0/../../../../arm-none-eabi/lib/thumb/libg.a(lib_a-strtoull.o)
 .ARM.attributes
                0x0000000000000bd2       0x2a /opt/devkitpro/devkitARM/bin/../lib/gcc/arm-none-eabi/11.2.0/../../../../arm-none-eabi/lib/thumb/libg.a(lib_a-strtoul.o)
 .ARM.attributes
                0x0000000000000bfc       0x2a /opt/devkitpro/devkitARM/bin/../lib/gcc/arm-none-eabi/11.2.0/../../../../arm-none-eabi/lib/thumb/libg.a(lib_a-svfiprintf.o)
 .ARM.attributes
                0x0000000000000c26       0x2a /opt/devkitpro/devkitARM/bin/../lib/gcc/arm-none-eabi/11.2.0/../../../../arm-none-eabi/lib/thumb/libg.a(lib_a-wcsnrtombs.o)
 .ARM.attributes
                0x0000000000000c50       0x2a /opt/devkitpro/devkitARM/bin/../lib/gcc/arm-none-eabi/11.2.0/../../../../arm-none-eabi/lib/thumb/libg.a(lib_a-wctomb_r.o)
 .ARM.attributes
                0x0000000000000c7a       0x2a /opt/devkitpro/devkitARM/bin/../lib/gcc/arm-none-eabi/11.2.0/../../../../arm-none-eabi/lib/thumb/libg.a(lib_a-fclose.o)
 .ARM.attributes
                0x0000000000000ca4       0x2a /opt/devkitpro/devkitARM/bin/../lib/gcc/arm-none-eabi/11.2.0/../../../../arm-none-eabi/lib/thumb/libg.a(lib_a-iswspace_l.o)
 .ARM.attributes
                0x0000000000000cce       0x2a /opt/devkitpro/devkitARM/bin/../lib/gcc/arm-none-eabi/11.2.0/../../../../arm-none-eabi/lib/thumb/libg.a(lib_a-jp2uc.o)
 .ARM.attributes
                0x0000000000000cf8       0x2a /opt/devkitpro/devkitARM/bin/../lib/gcc/arm-none-eabi/11.2.0/../../../../arm-none-eabi/lib/thumb/libg.a(lib_a-categories.o)
 .ARM.attributes
                0x0000000000000d22       0x2a /opt/devkitpro/devkitARM/bin/../lib/gcc/arm-none-eabi/11.2.0/../../../../arm-none-eabi/lib/thumb/libsysbase.a(iosupport.o)
 .ARM.attributes
                0x0000000000000d4c       0x2a /opt/devkitpro/devkitARM/bin/../lib/gcc/arm-none-eabi/11.2.0/../../../../arm-none-eabi/lib/thumb/libsysbase.a(fstat.o)
 .ARM.attributes
                0x0000000000000d76       0x2a /opt/devkitpro/devkitARM/bin/../lib/gcc/arm-none-eabi/11.2.0/../../../../arm-none-eabi/lib/thumb/libsysbase.a(isatty.o)
 .ARM.attributes
                0x0000000000000da0       0x2a /opt/devkitpro/devkitARM/bin/../lib/gcc/arm-none-eabi/11.2.0/../../../../arm-none-eabi/lib/thumb/libsysbase.a(lseek.o)
 .ARM.attributes
                0x0000000000000dca       0x2a /opt/devkitpro/devkitARM/bin/../lib/gcc/arm-none-eabi/11.2.0/../../../../arm-none-eabi/lib/thumb/libsysbase.a(read.o)
 .ARM.attributes